

Microchip MPLAB XC8 Assembler V3.10 build 20250813170317 
                                                                                               Tue Feb 17 14:24:41 2026

Microchip MPLAB XC8 C Compiler v3.10 (Free license) build 20250813170317 Og1 
     1                           	processor	16F1455
     2                           	pagewidth 120
     3                           	opt	flic
     4                           	psect	idataBANK0,global,class=CODE,space=0,delta=2,noexec
     5                           	psect	stringtext1,global,class=STRCODE,space=0,delta=2,noexec
     6                           	psect	cinit,global,class=CODE,space=0,merge=1,delta=2
     7                           	psect	dataBANK0,global,class=BANK0,space=1,delta=1,noexec
     8                           	psect	cstackCOMMON,global,class=COMMON,space=1,delta=1,noexec
     9                           	psect	cstackBANK0,global,class=BANK0,space=1,delta=1,noexec
    10                           	psect	maintext,global,class=CODE,space=0,merge=1,split=1,delta=2
    11                           	psect	text1,local,class=CODE,space=0,merge=1,delta=2,group=1
    12                           	psect	text2,local,class=CODE,space=0,merge=1,delta=2
    13                           	psect	text3,local,class=CODE,space=0,merge=1,delta=2
    14                           	psect	config,global,abs,ovrld,class=CONFIG,space=4,delta=2,noexec
    15                           	dabs	1,0x7E,2
    16     0000                     
    17                           ; Generated 27/03/2025 GMT
    18                           ; 
    19                           ; Copyright © 2025, Microchip Technology Inc. and its subsidiaries ("Microchip")
    20                           ; All rights reserved.
    21                           ; 
    22                           ; This software is developed by Microchip Technology Inc. and its subsidiaries ("Microch
      +                          ip").
    23                           ; 
    24                           ; Redistribution and use in source and binary forms, with or without modification, are
    25                           ; permitted provided that the following conditions are met:
    26                           ; 
    27                           ;     1. Redistributions of source code must retain the above copyright notice, this lis
      +                          t of
    28                           ;        conditions and the following disclaimer.
    29                           ; 
    30                           ;     2. Redistributions in binary form must reproduce the above copyright notice, this 
      +                          list
    31                           ;        of conditions and the following disclaimer in the documentation and/or other
    32                           ;        materials provided with the distribution. Publication is not required when
    33                           ;        this file is used in an embedded application.
    34                           ; 
    35                           ;     3. Microchip's name may not be used to endorse or promote products derived from th
      +                          is
    36                           ;        software without specific prior written permission.
    37                           ; 
    38                           ; THIS SOFTWARE IS PROVIDED BY MICROCHIP "AS IS" AND ANY EXPRESS OR IMPLIED WARRANTIES,
    39                           ; INCLUDING, BUT NOT LIMITED TO, THE IMPLIED WARRANTIES OF MERCHANTABILITY AND FITNESS F
      +                          OR
    40                           ; PURPOSE ARE DISCLAIMED.  IN NO EVENT SHALL MICROCHIP BE LIABLE FOR ANY DIRECT, INDIREC
      +                          T,
    41                           ; INCIDENTAL, SPECIAL, EXEMPLARY, OR CONSEQUENTIAL DAMAGES (INCLUDING BUT NOT LIMITED TO
    42                           ; PROCUREMENT OF SUBSTITUTE GOODS OR SERVICES; LOSS OF USE, DATA OR PROFITS; OR BUSINESS
    43                           ; INTERRUPTION) HOWSOEVER CAUSED AND ON ANY THEORY OF LIABILITY, WHETHER IN CONTRACT, ST
      +                          RICT
    44                           ; LIABILITY, OR TORT (INCLUDING NEGLIGENCE OR OTHERWISE) ARISING IN ANY WAY OUT OF THE U
      +                          SE OF
    45                           ; THIS SOFTWARE, EVEN IF ADVISED OF THE POSSIBILITY OF SUCH DAMAGE.
    46                           ; 
    47                           ; 
    48                           ; Code-generator required, PIC16F1455 Definitions
    49                           ; 
    50                           ; SFR Addresses
    51     0008                     bsr             equ	8
    52     0005                     fsr0h           equ	5
    53     0004                     fsr0l           equ	4
    54     0007                     fsr1h           equ	7
    55     0006                     fsr1l           equ	6
    56     0000                     indf            equ	0
    57     0000                     indf0           equ	0
    58     0001                     indf1           equ	1
    59     000B                     intcon          equ	11
    60     0002                     pc              equ	2
    61     0002                     pcl             equ	2
    62     000A                     pclath          equ	10
    63     0003                     status          equ	3
    64     0009                     wreg            equ	9
    65     0000                     INDF0           equ	0	;# 
    66     0001                     INDF1           equ	1	;# 
    67     0002                     PCL             equ	2	;# 
    68     0003                     STATUS          equ	3	;# 
    69     0004                     FSR0L           equ	4	;# 
    70     0005                     FSR0H           equ	5	;# 
    71     0006                     FSR1L           equ	6	;# 
    72     0007                     FSR1H           equ	7	;# 
    73     0008                     BSR             equ	8	;# 
    74     0009                     WREG            equ	9	;# 
    75     000A                     PCLATH          equ	10	;# 
    76     000B                     INTCON          equ	11	;# 
    77     000C                     PORTA           equ	12	;# 
    78     000E                     PORTC           equ	14	;# 
    79     0011                     PIR1            equ	17	;# 
    80     0012                     PIR2            equ	18	;# 
    81     0015                     TMR0            equ	21	;# 
    82     0016                     TMR1            equ	22	;# 
    83     0016                     TMR1L           equ	22	;# 
    84     0017                     TMR1H           equ	23	;# 
    85     0018                     T1CON           equ	24	;# 
    86     0019                     T1GCON          equ	25	;# 
    87     001A                     TMR2            equ	26	;# 
    88     001B                     PR2             equ	27	;# 
    89     001C                     T2CON           equ	28	;# 
    90     008C                     TRISA           equ	140	;# 
    91     008E                     TRISC           equ	142	;# 
    92     0091                     PIE1            equ	145	;# 
    93     0092                     PIE2            equ	146	;# 
    94     0095                     OPTION_REG      equ	149	;# 
    95     0096                     PCON            equ	150	;# 
    96     0097                     WDTCON          equ	151	;# 
    97     0098                     OSCTUNE         equ	152	;# 
    98     0099                     OSCCON          equ	153	;# 
    99     009A                     OSCSTAT         equ	154	;# 
   100     009B                     ADRES           equ	155	;# 
   101     009B                     ADRESL          equ	155	;# 
   102     009C                     ADRESH          equ	156	;# 
   103     009D                     ADCON0          equ	157	;# 
   104     009E                     ADCON1          equ	158	;# 
   105     009F                     ADCON2          equ	159	;# 
   106     010C                     LATA            equ	268	;# 
   107     010E                     LATC            equ	270	;# 
   108     0111                     CM1CON0         equ	273	;# 
   109     0112                     CM1CON1         equ	274	;# 
   110     0113                     CM2CON0         equ	275	;# 
   111     0114                     CM2CON1         equ	276	;# 
   112     0115                     CMOUT           equ	277	;# 
   113     0116                     BORCON          equ	278	;# 
   114     0117                     FVRCON          equ	279	;# 
   115     0118                     DACCON0         equ	280	;# 
   116     0119                     DACCON1         equ	281	;# 
   117     011D                     APFCON          equ	285	;# 
   118     018C                     ANSELA          equ	396	;# 
   119     018E                     ANSELC          equ	398	;# 
   120     0191                     PMADR           equ	401	;# 
   121     0191                     PMADRL          equ	401	;# 
   122     0192                     PMADRH          equ	402	;# 
   123     0193                     PMDAT           equ	403	;# 
   124     0193                     PMDATL          equ	403	;# 
   125     0194                     PMDATH          equ	404	;# 
   126     0195                     PMCON1          equ	405	;# 
   127     0196                     PMCON2          equ	406	;# 
   128     0197                     VREGCON         equ	407	;# 
   129     0199                     RCREG           equ	409	;# 
   130     019A                     TXREG           equ	410	;# 
   131     019B                     SPBRG           equ	411	;# 
   132     019B                     SPBRGL          equ	411	;# 
   133     019C                     SPBRGH          equ	412	;# 
   134     019D                     RCSTA           equ	413	;# 
   135     019E                     TXSTA           equ	414	;# 
   136     019F                     BAUDCON         equ	415	;# 
   137     020C                     WPUA            equ	524	;# 
   138     0211                     SSP1BUF         equ	529	;# 
   139     0211                     SSPBUF          equ	529	;# 
   140     0212                     SSP1ADD         equ	530	;# 
   141     0212                     SSPADD          equ	530	;# 
   142     0213                     SSP1MSK         equ	531	;# 
   143     0213                     SSPMSK          equ	531	;# 
   144     0214                     SSP1STAT        equ	532	;# 
   145     0214                     SSPSTAT         equ	532	;# 
   146     0215                     SSP1CON1        equ	533	;# 
   147     0215                     SSPCON          equ	533	;# 
   148     0215                     SSPCON1         equ	533	;# 
   149     0216                     SSP1CON2        equ	534	;# 
   150     0216                     SSPCON2         equ	534	;# 
   151     0217                     SSP1CON3        equ	535	;# 
   152     0217                     SSPCON3         equ	535	;# 
   153     0391                     IOCAP           equ	913	;# 
   154     0392                     IOCAN           equ	914	;# 
   155     0393                     IOCAF           equ	915	;# 
   156     039A                     CLKRCON         equ	922	;# 
   157     039B                     ACTCON          equ	923	;# 
   158     0611                     PWM1DCL         equ	1553	;# 
   159     0612                     PWM1DCH         equ	1554	;# 
   160     0613                     PWM1CON         equ	1555	;# 
   161     0613                     PWM1CON0        equ	1555	;# 
   162     0614                     PWM2DCL         equ	1556	;# 
   163     0615                     PWM2DCH         equ	1557	;# 
   164     0616                     PWM2CON         equ	1558	;# 
   165     0616                     PWM2CON0        equ	1558	;# 
   166     0691                     CWG1DBR         equ	1681	;# 
   167     0692                     CWG1DBF         equ	1682	;# 
   168     0693                     CWG1CON0        equ	1683	;# 
   169     0694                     CWG1CON1        equ	1684	;# 
   170     0695                     CWG1CON2        equ	1685	;# 
   171     0E8E                     UCON            equ	3726	;# 
   172     0E8F                     USTAT           equ	3727	;# 
   173     0E90                     UIR             equ	3728	;# 
   174     0E91                     UCFG            equ	3729	;# 
   175     0E92                     UIE             equ	3730	;# 
   176     0E93                     UEIR            equ	3731	;# 
   177     0E94                     UFRM            equ	3732	;# 
   178     0E94                     UFRMH           equ	3732	;# 
   179     0E95                     UFRML           equ	3733	;# 
   180     0E96                     UADDR           equ	3734	;# 
   181     0E97                     UEIE            equ	3735	;# 
   182     0E98                     UEP0            equ	3736	;# 
   183     0E99                     UEP1            equ	3737	;# 
   184     0E9A                     UEP2            equ	3738	;# 
   185     0E9B                     UEP3            equ	3739	;# 
   186     0E9C                     UEP4            equ	3740	;# 
   187     0E9D                     UEP5            equ	3741	;# 
   188     0E9E                     UEP6            equ	3742	;# 
   189     0E9F                     UEP7            equ	3743	;# 
   190     0FE4                     STATUS_SHAD     equ	4068	;# 
   191     0FE5                     WREG_SHAD       equ	4069	;# 
   192     0FE6                     BSR_SHAD        equ	4070	;# 
   193     0FE7                     PCLATH_SHAD     equ	4071	;# 
   194     0FE8                     FSR0L_SHAD      equ	4072	;# 
   195     0FE9                     FSR0H_SHAD      equ	4073	;# 
   196     0FEA                     FSR1L_SHAD      equ	4074	;# 
   197     0FEB                     FSR1H_SHAD      equ	4075	;# 
   198     0FED                     STKPTR          equ	4077	;# 
   199     0FEE                     TOSL            equ	4078	;# 
   200     0FEF                     TOSH            equ	4079	;# 
   201                           
   202                           	psect	idataBANK0
   203     0585                     __pidataBANK0:
   204                           
   205                           ;initializer for _brt
   206     0585  340F               	retlw	15
   207                           
   208                           	psect	stringtext1
   209     0800                     __pstringtext1:
   210     0800                     main@imagen_8x32:
   211     0800  340F               	retlw	15
   212     0801  3407               	retlw	7
   213     0802  3403               	retlw	3
   214     0803  34FF               	retlw	255
   215     0804  34FF               	retlw	255
   216     0805  340F               	retlw	15
   217     0806  3407               	retlw	7
   218     0807  340F               	retlw	15
   219     0808  3407               	retlw	7
   220     0809  3403               	retlw	3
   221     080A  347F               	retlw	127
   222     080B  34FE               	retlw	254
   223     080C  340F               	retlw	15
   224     080D  3407               	retlw	7
   225     080E  340F               	retlw	15
   226     080F  3407               	retlw	7
   227     0810  3403               	retlw	3
   228     0811  343F               	retlw	63
   229     0812  34FC               	retlw	252
   230     0813  340F               	retlw	15
   231     0814  3407               	retlw	7
   232     0815  340F               	retlw	15
   233     0816  3407               	retlw	7
   234     0817  3403               	retlw	3
   235     0818  341F               	retlw	31
   236     0819  34F8               	retlw	248
   237     081A  340F               	retlw	15
   238     081B  3407               	retlw	7
   239     081C  340F               	retlw	15
   240     081D  3407               	retlw	7
   241     081E  3403               	retlw	3
   242     081F  340F               	retlw	15
   243     0820  34F0               	retlw	240
   244     0821  340F               	retlw	15
   245     0822  3407               	retlw	7
   246     0823  340F               	retlw	15
   247     0824  3407               	retlw	7
   248     0825  3403               	retlw	3
   249     0826  3407               	retlw	7
   250     0827  34E0               	retlw	224
   251     0828  340F               	retlw	15
   252     0829  3407               	retlw	7
   253     082A  340F               	retlw	15
   254     082B  3407               	retlw	7
   255     082C  3403               	retlw	3
   256     082D  3403               	retlw	3
   257     082E  34C0               	retlw	192
   258     082F  340F               	retlw	15
   259     0830  3407               	retlw	7
   260     0831  340F               	retlw	15
   261     0832  3407               	retlw	7
   262     0833  3403               	retlw	3
   263     0834  3401               	retlw	1
   264     0835  3480               	retlw	128
   265     0836  340F               	retlw	15
   266     0837  3407               	retlw	7
   267     0838                     __end_ofmain@imagen_8x32:
   268     0074                     _RC4            set	116
   269     0073                     _RC3            set	115
   270     0075                     _RC5            set	117
   271     0072                     _RC2            set	114
   272     0065                     _RA5            set	101
   273     0472                     _TRISC2         set	1138
   274     0473                     _TRISC3         set	1139
   275     0474                     _TRISC4         set	1140
   276     0475                     _TRISC5         set	1141
   277     04AF                     _nWPUEN         set	1199
   278     0465                     _TRISA5         set	1125
   279     0C73                     _ANSC3          set	3187
   280     0C72                     _ANSC2          set	3186
   281     1065                     _WPUA5          set	4197
   282                           
   283                           	psect	cinit
   284     07F9                     start_initialization:	
   285                           ; #config settings
   286                           
   287     07F9                     __initialization:
   288                           
   289                           ; Initialize objects allocated to BANK0
   290     07F9  3185  2585  3187   	fcall	__pidataBANK0	;fetch initializer
   291     07FC  00B0               	movwf	__pdataBANK0& (0+127)
   292     07FD                     end_of_initialization:	
   293                           ;End of C runtime variable initialization code
   294                           
   295     07FD                     __end_of__initialization:
   296     07FD  0020               	movlb	0
   297     07FE  3185  2DE6         	ljmp	_main	;jump to C main() function
   298                           
   299                           	psect	dataBANK0
   300     0030                     __pdataBANK0:
   301     0030                     _brt:
   302     0030                     	ds	1
   303                           
   304                           	psect	cstackCOMMON
   305     0070                     __pcstackCOMMON:
   306     0070                     ?_MAX7219_send:
   307     0070                     ?_MAX7219_update:	
   308                           ; 1 bytes @ 0x0
   309                           
   310     0070                     ?_main:	
   311                           ; 1 bytes @ 0x0
   312                           
   313     0070                     ?___wmul:	
   314                           ; 1 bytes @ 0x0
   315                           
   316     0070                     MAX7219_send@d:	
   317                           ; 2 bytes @ 0x0
   318                           
   319     0070                     ___wmul@multiplier:	
   320                           ; 1 bytes @ 0x0
   321                           
   322     0070                     ??_MAX7219_update:	
   323                           ; 2 bytes @ 0x0
   324                           
   325                           
   326                           ; 1 bytes @ 0x0
   327     0070                     	ds	1
   328     0071                     ??_MAX7219_send:
   329                           
   330                           ; 1 bytes @ 0x1
   331     0071                     	ds	1
   332     0072                     MAX7219_send@a:
   333     0072                     ___wmul@multiplicand:	
   334                           ; 1 bytes @ 0x2
   335                           
   336                           
   337                           ; 2 bytes @ 0x2
   338     0072                     	ds	1
   339     0073                     MAX7219_send@i:
   340                           
   341                           ; 2 bytes @ 0x3
   342     0073                     	ds	1
   343     0074                     ___wmul@product:
   344     0074                     ??___wmul:	
   345                           ; 2 bytes @ 0x4
   346                           
   347                           
   348                           ; 1 bytes @ 0x4
   349     0074                     	ds	1
   350     0075                     MAX7219_send@i_66:
   351                           
   352                           ; 2 bytes @ 0x5
   353     0075                     	ds	2
   354     0077                     ??_main:
   355                           
   356                           ; 1 bytes @ 0x7
   357     0077                     	ds	2
   358                           
   359                           	psect	cstackBANK0
   360     0020                     __pcstackBANK0:
   361     0020                     main@n_columnas:
   362                           
   363                           ; 2 bytes @ 0x0
   364     0020                     	ds	2
   365     0022                     main@desplazamiento:
   366                           
   367                           ; 2 bytes @ 0x2
   368     0022                     	ds	2
   369     0024                     main@duracion:
   370                           
   371                           ; 2 bytes @ 0x4
   372     0024                     	ds	2
   373     0026                     main@registro:
   374                           
   375                           ; 1 bytes @ 0x6
   376     0026                     	ds	1
   377     0027                     main@pos:
   378                           
   379                           ; 2 bytes @ 0x7
   380     0027                     	ds	2
   381     0029                     main@idx:
   382                           
   383                           ; 1 bytes @ 0x9
   384     0029                     	ds	1
   385     002A                     main@j:
   386                           
   387                           ; 2 bytes @ 0xA
   388     002A                     	ds	2
   389     002C                     main@corrimiento:
   390                           
   391                           ; 2 bytes @ 0xC
   392     002C                     	ds	2
   393     002E                     main@i:
   394                           
   395                           ; 2 bytes @ 0xE
   396     002E                     	ds	2
   397                           
   398                           	psect	maintext
   399     05E6                     __pmaintext:	
   400 ;;
   401 ;;Main: autosize = 0, tempsize = 2, incstack = 0, save=0
   402 ;;
   403 ;; *************** function _main *****************
   404 ;; Defined at:
   405 ;;		line 63 in file "newmain.c"
   406 ;; Parameters:    Size  Location     Type
   407 ;;		None
   408 ;; Auto vars:     Size  Location     Type
   409 ;;  j               2   10[BANK0 ] int 
   410 ;;  i               2   14[BANK0 ] int 
   411 ;;  corrimiento     2   12[BANK0 ] int 
   412 ;;  pos             2    7[BANK0 ] int 
   413 ;;  duracion        2    4[BANK0 ] int 
   414 ;;  desplazamien    2    2[BANK0 ] int 
   415 ;;  n_columnas      2    0[BANK0 ] int 
   416 ;;  idx             1    9[BANK0 ] unsigned char 
   417 ;;  registro        1    6[BANK0 ] unsigned char 
   418 ;; Return value:  Size  Location     Type
   419 ;;                  1    wreg      void 
   420 ;; Registers used:
   421 ;;		wreg, fsr0l, fsr0h, status,2, status,0, pclath, cstack
   422 ;; Tracked objects:
   423 ;;		On entry : B1F/0
   424 ;;		On exit  : 0/0
   425 ;;		Unchanged: 0/0
   426 ;; Data sizes:     COMMON   BANK0   BANK1   BANK2   BANK3   BANK4   BANK5   BANK6   BANK7   BANK8   BANK9  BANK10  BANK1
      +1  BANK12
   427 ;;      Params:         0       0       0       0       0       0       0       0       0       0       0       0       
      +0       0
   428 ;;      Locals:         0      16       0       0       0       0       0       0       0       0       0       0       
      +0       0
   429 ;;      Temps:          2       0       0       0       0       0       0       0       0       0       0       0       
      +0       0
   430 ;;      Totals:         2      16       0       0       0       0       0       0       0       0       0       0       
      +0       0
   431 ;;Total ram usage:       18 bytes
   432 ;; Hardware stack levels required when called: 1
   433 ;; This function calls:
   434 ;;		_MAX7219_send
   435 ;;		_MAX7219_update
   436 ;;		___wmul
   437 ;; This function is called by:
   438 ;;		Startup code after reset
   439 ;; This function uses a non-reentrant model
   440 ;;
   441                           
   442     05E6                     _main:	
   443                           ;psect for function _main
   444                           
   445     05E6                     l781:	
   446                           ;incstack = 0
   447                           ; Regs used in _main: [wreg-fsr0h+status,2+status,0+pclath+cstack]
   448                           
   449                           
   450                           ;newmain.c: 65:     const unsigned char imagen_8x32[56] = {;newmain.c: 80:     TRISA5 = 
      +                          1;
   451     05E6  0021               	movlb	1	; select bank1
   452     05E7  168C               	bsf	12,5	;volatile
   453                           
   454                           ;newmain.c: 83:     WPUA5 = 1;
   455     05E8  0024               	movlb	4	; select bank4
   456     05E9  168C               	bsf	12,5	;volatile
   457                           
   458                           ;newmain.c: 84:     nWPUEN = 0;
   459     05EA  0021               	movlb	1	; select bank1
   460     05EB  1395               	bcf	21,7	;volatile
   461                           
   462                           ;newmain.c: 90:     TRISC5 = 0;
   463     05EC  128E               	bcf	14,5	;volatile
   464                           
   465                           ;newmain.c: 91:     TRISC4 = 0;
   466     05ED  120E               	bcf	14,4	;volatile
   467                           
   468                           ;newmain.c: 92:     TRISC3 = 0;
   469     05EE  118E               	bcf	14,3	;volatile
   470                           
   471                           ;newmain.c: 93:     TRISC2 = 0;
   472     05EF  110E               	bcf	14,2	;volatile
   473                           
   474                           ;newmain.c: 96:     ANSC2 = 0;
   475     05F0  0023               	movlb	3	; select bank3
   476     05F1  110E               	bcf	14,2	;volatile
   477                           
   478                           ;newmain.c: 97:     ANSC3 = 0;
   479     05F2  118E               	bcf	14,3	;volatile
   480     05F3                     l783:
   481                           
   482                           ;newmain.c: 103:     MAX7219_send(0b00001011, 7);
   483     05F3  3007               	movlw	7
   484     05F4  00F0               	movwf	MAX7219_send@d
   485     05F5  300B               	movlw	11
   486     05F6  3185  25A9  3185   	fcall	_MAX7219_send
   487                           
   488                           ;newmain.c: 104:  MAX7219_send(0b00001011, 7);
   489     05F9  3007               	movlw	7
   490     05FA  00F0               	movwf	MAX7219_send@d
   491     05FB  300B               	movlw	11
   492     05FC  3185  25A9  3185   	fcall	_MAX7219_send
   493                           
   494                           ;newmain.c: 105:  MAX7219_send(0b00001011, 7);
   495     05FF  3007               	movlw	7
   496     0600  00F0               	movwf	MAX7219_send@d
   497     0601  300B               	movlw	11
   498     0602  3185  25A9  3185   	fcall	_MAX7219_send
   499                           
   500                           ;newmain.c: 106:  MAX7219_send(0b00001011, 7);
   501     0605  3007               	movlw	7
   502     0606  00F0               	movwf	MAX7219_send@d
   503     0607  300B               	movlw	11
   504     0608  3185  25A9  3185   	fcall	_MAX7219_send
   505     060B                     l785:
   506                           
   507                           ;newmain.c: 107:     MAX7219_update();
   508     060B  3185  2586  3185   	fcall	_MAX7219_update
   509     060E                     l787:
   510                           
   511                           ;newmain.c: 111:     MAX7219_send(0b00001001, 0b00000000);
   512     060E  01F0               	clrf	MAX7219_send@d
   513     060F  3009               	movlw	9
   514     0610  3185  25A9  3185   	fcall	_MAX7219_send
   515     0613                     l789:
   516                           
   517                           ;newmain.c: 112:  MAX7219_send(0b00001001, 0b00000000);
   518     0613  01F0               	clrf	MAX7219_send@d
   519     0614  3009               	movlw	9
   520     0615  3185  25A9  3185   	fcall	_MAX7219_send
   521     0618                     l791:
   522                           
   523                           ;newmain.c: 113:  MAX7219_send(0b00001001, 0b00000000);
   524     0618  01F0               	clrf	MAX7219_send@d
   525     0619  3009               	movlw	9
   526     061A  3185  25A9  3185   	fcall	_MAX7219_send
   527     061D                     l793:
   528                           
   529                           ;newmain.c: 114:  MAX7219_send(0b00001001, 0b00000000);
   530     061D  01F0               	clrf	MAX7219_send@d
   531     061E  3009               	movlw	9
   532     061F  3185  25A9  3185   	fcall	_MAX7219_send
   533     0622                     l795:
   534                           
   535                           ;newmain.c: 115:     MAX7219_update();
   536     0622  3185  2586  3185   	fcall	_MAX7219_update
   537                           
   538                           ;newmain.c: 119:     MAX7219_send(0b00001010, 15);
   539     0625  300F               	movlw	15
   540     0626  00F0               	movwf	MAX7219_send@d
   541     0627  300A               	movlw	10
   542     0628  3185  25A9  3185   	fcall	_MAX7219_send
   543                           
   544                           ;newmain.c: 120:  MAX7219_send(0b00001010, 15);
   545     062B  300F               	movlw	15
   546     062C  00F0               	movwf	MAX7219_send@d
   547     062D  300A               	movlw	10
   548     062E  3185  25A9  3185   	fcall	_MAX7219_send
   549                           
   550                           ;newmain.c: 121:  MAX7219_send(0b00001010, 15);
   551     0631  300F               	movlw	15
   552     0632  00F0               	movwf	MAX7219_send@d
   553     0633  300A               	movlw	10
   554     0634  3185  25A9  3185   	fcall	_MAX7219_send
   555                           
   556                           ;newmain.c: 122:  MAX7219_send(0b00001010, 15);
   557     0637  300F               	movlw	15
   558     0638  00F0               	movwf	MAX7219_send@d
   559     0639  300A               	movlw	10
   560     063A  3185  25A9  3185   	fcall	_MAX7219_send
   561     063D                     l797:
   562                           
   563                           ;newmain.c: 123:     MAX7219_update();
   564     063D  3185  2586  3185   	fcall	_MAX7219_update
   565     0640                     l799:
   566                           
   567                           ;newmain.c: 126:     MAX7219_send(0b00001100, 1);
   568     0640  01F0               	clrf	MAX7219_send@d
   569     0641  0AF0               	incf	MAX7219_send@d,f
   570     0642  300C               	movlw	12
   571     0643  3185  25A9  3185   	fcall	_MAX7219_send
   572     0646                     l801:
   573                           
   574                           ;newmain.c: 127:  MAX7219_send(0b00001100, 1);
   575     0646  01F0               	clrf	MAX7219_send@d
   576     0647  0AF0               	incf	MAX7219_send@d,f
   577     0648  300C               	movlw	12
   578     0649  3185  25A9  3185   	fcall	_MAX7219_send
   579     064C                     l803:
   580                           
   581                           ;newmain.c: 128:  MAX7219_send(0b00001100, 1);
   582     064C  01F0               	clrf	MAX7219_send@d
   583     064D  0AF0               	incf	MAX7219_send@d,f
   584     064E  300C               	movlw	12
   585     064F  3185  25A9  3185   	fcall	_MAX7219_send
   586     0652                     l805:
   587                           
   588                           ;newmain.c: 129:  MAX7219_send(0b00001100, 1);
   589     0652  01F0               	clrf	MAX7219_send@d
   590     0653  0AF0               	incf	MAX7219_send@d,f
   591     0654  300C               	movlw	12
   592     0655  3185  25A9  3185   	fcall	_MAX7219_send
   593     0658                     l807:
   594                           
   595                           ;newmain.c: 130:     MAX7219_update();
   596     0658  3185  2586  3185   	fcall	_MAX7219_update
   597                           
   598                           ;newmain.c: 133:     MAX7219_send(1, 0); MAX7219_send(1, 0); MAX7219_send(1, 0); MAX7219
      +                          _send(1, 0); MAX7219_update();
   599     065B  01F0               	clrf	MAX7219_send@d
   600     065C  3001               	movlw	1
   601     065D  3185  25A9  3185   	fcall	_MAX7219_send
   602     0660  01F0               	clrf	MAX7219_send@d
   603     0661  3001               	movlw	1
   604     0662  3185  25A9  3185   	fcall	_MAX7219_send
   605     0665  01F0               	clrf	MAX7219_send@d
   606     0666  3001               	movlw	1
   607     0667  3185  25A9  3185   	fcall	_MAX7219_send
   608     066A  01F0               	clrf	MAX7219_send@d
   609     066B  3001               	movlw	1
   610     066C  3185  25A9  3185   	fcall	_MAX7219_send
   611     066F                     l809:
   612     066F  3185  2586  3185   	fcall	_MAX7219_update
   613     0672                     l811:
   614                           
   615                           ;newmain.c: 134:     MAX7219_send(2, 0); MAX7219_send(2, 0); MAX7219_send(2, 0); MAX7219
      +                          _send(2, 0); MAX7219_update();
   616     0672  01F0               	clrf	MAX7219_send@d
   617     0673  3002               	movlw	2
   618     0674  3185  25A9  3185   	fcall	_MAX7219_send
   619     0677                     l813:
   620     0677  01F0               	clrf	MAX7219_send@d
   621     0678  3002               	movlw	2
   622     0679  3185  25A9  3185   	fcall	_MAX7219_send
   623     067C                     l815:
   624     067C  01F0               	clrf	MAX7219_send@d
   625     067D  3002               	movlw	2
   626     067E  3185  25A9  3185   	fcall	_MAX7219_send
   627     0681                     l817:
   628     0681  01F0               	clrf	MAX7219_send@d
   629     0682  3002               	movlw	2
   630     0683  3185  25A9  3185   	fcall	_MAX7219_send
   631     0686                     l819:
   632     0686  3185  2586  3185   	fcall	_MAX7219_update
   633                           
   634                           ;newmain.c: 135:     MAX7219_send(3, 0); MAX7219_send(3, 0); MAX7219_send(3, 0); MAX7219
      +                          _send(3, 0); MAX7219_update();
   635     0689  01F0               	clrf	MAX7219_send@d
   636     068A  3003               	movlw	3
   637     068B  3185  25A9  3185   	fcall	_MAX7219_send
   638     068E  01F0               	clrf	MAX7219_send@d
   639     068F  3003               	movlw	3
   640     0690  3185  25A9  3185   	fcall	_MAX7219_send
   641     0693  01F0               	clrf	MAX7219_send@d
   642     0694  3003               	movlw	3
   643     0695  3185  25A9  3185   	fcall	_MAX7219_send
   644     0698  01F0               	clrf	MAX7219_send@d
   645     0699  3003               	movlw	3
   646     069A  3185  25A9  3185   	fcall	_MAX7219_send
   647     069D                     l821:
   648     069D  3185  2586  3185   	fcall	_MAX7219_update
   649     06A0                     l823:
   650                           
   651                           ;newmain.c: 136:     MAX7219_send(4, 0); MAX7219_send(4, 0); MAX7219_send(4, 0); MAX7219
      +                          _send(4, 0); MAX7219_update();
   652     06A0  01F0               	clrf	MAX7219_send@d
   653     06A1  3004               	movlw	4
   654     06A2  3185  25A9  3185   	fcall	_MAX7219_send
   655     06A5                     l825:
   656     06A5  01F0               	clrf	MAX7219_send@d
   657     06A6  3004               	movlw	4
   658     06A7  3185  25A9  3185   	fcall	_MAX7219_send
   659     06AA                     l827:
   660     06AA  01F0               	clrf	MAX7219_send@d
   661     06AB  3004               	movlw	4
   662     06AC  3185  25A9  3185   	fcall	_MAX7219_send
   663     06AF                     l829:
   664     06AF  01F0               	clrf	MAX7219_send@d
   665     06B0  3004               	movlw	4
   666     06B1  3185  25A9  3185   	fcall	_MAX7219_send
   667     06B4                     l831:
   668     06B4  3185  2586  3185   	fcall	_MAX7219_update
   669                           
   670                           ;newmain.c: 137:     MAX7219_send(5, 0); MAX7219_send(5, 0); MAX7219_send(5, 0); MAX7219
      +                          _send(5, 0); MAX7219_update();
   671     06B7  01F0               	clrf	MAX7219_send@d
   672     06B8  3005               	movlw	5
   673     06B9  3185  25A9  3185   	fcall	_MAX7219_send
   674     06BC  01F0               	clrf	MAX7219_send@d
   675     06BD  3005               	movlw	5
   676     06BE  3185  25A9  3185   	fcall	_MAX7219_send
   677     06C1  01F0               	clrf	MAX7219_send@d
   678     06C2  3005               	movlw	5
   679     06C3  3185  25A9  3185   	fcall	_MAX7219_send
   680     06C6  01F0               	clrf	MAX7219_send@d
   681     06C7  3005               	movlw	5
   682     06C8  3185  25A9  3185   	fcall	_MAX7219_send
   683     06CB                     l833:
   684     06CB  3185  2586  3185   	fcall	_MAX7219_update
   685     06CE                     l835:
   686                           
   687                           ;newmain.c: 138:     MAX7219_send(6, 0); MAX7219_send(6, 0); MAX7219_send(6, 0); MAX7219
      +                          _send(6, 0); MAX7219_update();
   688     06CE  01F0               	clrf	MAX7219_send@d
   689     06CF  3006               	movlw	6
   690     06D0  3185  25A9  3185   	fcall	_MAX7219_send
   691     06D3                     l837:
   692     06D3  01F0               	clrf	MAX7219_send@d
   693     06D4  3006               	movlw	6
   694     06D5  3185  25A9  3185   	fcall	_MAX7219_send
   695     06D8                     l839:
   696     06D8  01F0               	clrf	MAX7219_send@d
   697     06D9  3006               	movlw	6
   698     06DA  3185  25A9  3185   	fcall	_MAX7219_send
   699     06DD                     l841:
   700     06DD  01F0               	clrf	MAX7219_send@d
   701     06DE  3006               	movlw	6
   702     06DF  3185  25A9  3185   	fcall	_MAX7219_send
   703     06E2                     l843:
   704     06E2  3185  2586  3185   	fcall	_MAX7219_update
   705                           
   706                           ;newmain.c: 139:     MAX7219_send(7, 0); MAX7219_send(7, 0); MAX7219_send(7, 0); MAX7219
      +                          _send(7, 0); MAX7219_update();
   707     06E5  01F0               	clrf	MAX7219_send@d
   708     06E6  3007               	movlw	7
   709     06E7  3185  25A9  3185   	fcall	_MAX7219_send
   710     06EA  01F0               	clrf	MAX7219_send@d
   711     06EB  3007               	movlw	7
   712     06EC  3185  25A9  3185   	fcall	_MAX7219_send
   713     06EF  01F0               	clrf	MAX7219_send@d
   714     06F0  3007               	movlw	7
   715     06F1  3185  25A9  3185   	fcall	_MAX7219_send
   716     06F4  01F0               	clrf	MAX7219_send@d
   717     06F5  3007               	movlw	7
   718     06F6  3185  25A9  3185   	fcall	_MAX7219_send
   719     06F9                     l845:
   720     06F9  3185  2586  3185   	fcall	_MAX7219_update
   721     06FC                     l847:
   722                           
   723                           ;newmain.c: 140:     MAX7219_send(8, 0); MAX7219_send(8, 0); MAX7219_send(8, 0); MAX7219
      +                          _send(8, 0); MAX7219_update();
   724     06FC  01F0               	clrf	MAX7219_send@d
   725     06FD  3008               	movlw	8
   726     06FE  3185  25A9  3185   	fcall	_MAX7219_send
   727     0701                     l849:
   728     0701  01F0               	clrf	MAX7219_send@d
   729     0702  3008               	movlw	8
   730     0703  3185  25A9  3185   	fcall	_MAX7219_send
   731     0706                     l851:
   732     0706  01F0               	clrf	MAX7219_send@d
   733     0707  3008               	movlw	8
   734     0708  3185  25A9  3185   	fcall	_MAX7219_send
   735     070B                     l853:
   736     070B  01F0               	clrf	MAX7219_send@d
   737     070C  3008               	movlw	8
   738     070D  3185  25A9  3185   	fcall	_MAX7219_send
   739     0710                     l855:
   740     0710  3185  2586  3185   	fcall	_MAX7219_update
   741     0713                     l857:
   742     0713                     l859:
   743     0713                     l861:
   744                           
   745                           ;newmain.c: 145:     int pos = 0, corrimiento = 0, duracion = 0, n_columnas = (56/8), de
      +                          splazamiento;
   746     0713  0020               	movlb	0	; select bank0
   747     0714  01A7               	clrf	main@pos
   748     0715  01A8               	clrf	main@pos+1
   749     0716                     l863:
   750     0716  01AC               	clrf	main@corrimiento
   751     0717  01AD               	clrf	main@corrimiento+1
   752     0718                     l865:
   753     0718  01A4               	clrf	main@duracion
   754     0719  01A5               	clrf	main@duracion+1
   755     071A                     l867:
   756     071A  3007               	movlw	7
   757     071B  00A0               	movwf	main@n_columnas
   758     071C  3000               	movlw	0
   759     071D  00A1               	movwf	main@n_columnas+1
   760     071E                     l869:
   761                           
   762                           ;newmain.c: 152:         if (!RA5) {
   763     071E  0020               	movlb	0	; select bank0
   764     071F  1A8C               	btfsc	12,5	;volatile
   765     0720  2F22               	goto	u341
   766     0721  2F23               	goto	u340
   767     0722                     u341:
   768     0722  2F2E               	goto	l42
   769     0723                     u340:
   770     0723                     l871:
   771                           
   772                           ;newmain.c: 153:             RC2 = 1;
   773     0723  150E               	bsf	14,2	;volatile
   774     0724                     l873:
   775                           
   776                           ;newmain.c: 154:             brt += 1;
   777     0724  3001               	movlw	1
   778     0725  07B0               	addwf	_brt,f
   779     0726                     l875:
   780                           
   781                           ;newmain.c: 155:             if (brt > 15) {
   782     0726  3010               	movlw	16
   783     0727  0230               	subwf	_brt,w
   784     0728  1C03               	skipc
   785     0729  2F2B               	goto	u351
   786     072A  2F2C               	goto	u350
   787     072B                     u351:
   788     072B  2F2F               	goto	l879
   789     072C                     u350:
   790     072C                     l877:
   791                           
   792                           ;newmain.c: 156:                 brt = 0;
   793     072C  01B0               	clrf	_brt
   794     072D  2F2F               	goto	l879
   795     072E                     l42:
   796                           
   797                           ;newmain.c: 159:             RC2 = 0;
   798     072E  110E               	bcf	14,2	;volatile
   799     072F                     l879:
   800                           
   801                           ;newmain.c: 164:         MAX7219_send(0b00001010, brt);
   802     072F  0830               	movf	_brt,w
   803     0730  00F0               	movwf	MAX7219_send@d
   804     0731  300A               	movlw	10
   805     0732  3185  25A9  3185   	fcall	_MAX7219_send
   806                           
   807                           ;newmain.c: 165:   MAX7219_send(0b00001010, brt);
   808     0735  0020               	movlb	0	; select bank0
   809     0736  0830               	movf	_brt,w
   810     0737  00F0               	movwf	MAX7219_send@d
   811     0738  300A               	movlw	10
   812     0739  3185  25A9  3185   	fcall	_MAX7219_send
   813                           
   814                           ;newmain.c: 166:   MAX7219_send(0b00001010, brt);
   815     073C  0020               	movlb	0	; select bank0
   816     073D  0830               	movf	_brt,w
   817     073E  00F0               	movwf	MAX7219_send@d
   818     073F  300A               	movlw	10
   819     0740  3185  25A9  3185   	fcall	_MAX7219_send
   820                           
   821                           ;newmain.c: 167:   MAX7219_send(0b00001010, brt);
   822     0743  0020               	movlb	0	; select bank0
   823     0744  0830               	movf	_brt,w
   824     0745  00F0               	movwf	MAX7219_send@d
   825     0746  300A               	movlw	10
   826     0747  3185  25A9  3185   	fcall	_MAX7219_send
   827     074A                     l881:
   828                           
   829                           ;newmain.c: 168:         MAX7219_update();
   830     074A  3185  2586  3185   	fcall	_MAX7219_update
   831     074D                     l883:
   832                           
   833                           ;newmain.c: 183:         for(int i = 0; i < 8; i++)
   834     074D  0020               	movlb	0	; select bank0
   835     074E  01AE               	clrf	main@i
   836     074F  01AF               	clrf	main@i+1
   837     0750                     l889:
   838                           
   839                           ;newmain.c: 184:         {;newmain.c: 185:             registro = 8 - i;
   840     0750  0020               	movlb	0	; select bank0
   841     0751  082E               	movf	main@i,w
   842     0752  3C08               	sublw	8
   843     0753  00A6               	movwf	main@registro
   844     0754                     l891:
   845                           
   846                           ;newmain.c: 186:             desplazamiento = i*n_columnas;
   847     0754  082F               	movf	main@i+1,w
   848     0755  00F1               	movwf	___wmul@multiplier+1
   849     0756  082E               	movf	main@i,w
   850     0757  00F0               	movwf	___wmul@multiplier
   851     0758  0821               	movf	main@n_columnas+1,w
   852     0759  00F3               	movwf	___wmul@multiplicand+1
   853     075A  0820               	movf	main@n_columnas,w
   854     075B  00F2               	movwf	___wmul@multiplicand
   855     075C  3185  258A  3185   	fcall	___wmul
   856     075F  0871               	movf	?___wmul+1,w
   857     0760  0020               	movlb	0	; select bank0
   858     0761  00A3               	movwf	main@desplazamiento+1
   859     0762  0870               	movf	?___wmul,w
   860     0763  00A2               	movwf	main@desplazamiento
   861     0764                     l893:
   862                           
   863                           ;newmain.c: 188:             for(int j = 0; j < 3; j++)
   864     0764  01AA               	clrf	main@j
   865     0765  01AB               	clrf	main@j+1
   866     0766                     l899:
   867                           
   868                           ;newmain.c: 189:             {;newmain.c: 190:                 idx = desplazamiento + j 
      +                          + pos;
   869     0766  0020               	movlb	0	; select bank0
   870     0767  0822               	movf	main@desplazamiento,w
   871     0768  072A               	addwf	main@j,w
   872     0769  0727               	addwf	main@pos,w
   873     076A  00A9               	movwf	main@idx
   874     076B                     l901:
   875                           
   876                           ;newmain.c: 191:                 MAX7219_send(registro, (imagen_8x32[idx] << corrimiento
      +                          ) | (imagen_8x32[idx+ 1] >> 8 - corrimiento) );
   877     076B  0829               	movf	main@idx,w
   878     076C  3E01               	addlw	low ((main@imagen_8x32+1)| (0+32768))
   879     076D  0084               	movwf	4
   880     076E  3088               	movlw	high ((main@imagen_8x32+1)| (0+32768))
   881     076F  1803               	skipnc
   882     0770  3E01               	addlw	1
   883     0771  0085               	movwf	5
   884     0772  0800               	movf	0,w	;code access
   885     0773  00F7               	movwf	??_main
   886     0774  082C               	movf	main@corrimiento,w
   887     0775  3C08               	sublw	8
   888     0776  0A89               	incf	9,f
   889     0777  2F79               	goto	u364
   890     0778                     u365:
   891     0778  36F7               	lsrf	??_main,f
   892     0779                     u364:
   893     0779  0B89               	decfsz	9,f
   894     077A  2F78               	goto	u365
   895     077B  0829               	movf	main@idx,w
   896     077C  3E00               	addlw	low (main@imagen_8x32| (0+32768))
   897     077D  0084               	movwf	4
   898     077E  3088               	movlw	high (main@imagen_8x32| (0+32768))
   899     077F  1803               	skipnc
   900     0780  3E01               	addlw	1
   901     0781  0085               	movwf	5
   902     0782  0800               	movf	0,w	;code access
   903     0783  00F8               	movwf	??_main+1
   904     0784  0A2C               	incf	main@corrimiento,w
   905     0785  2F87               	goto	u374
   906     0786                     u375:
   907     0786  35F8               	lslf	??_main+1,f
   908     0787                     u374:
   909     0787  0B89               	decfsz	9,f
   910     0788  2F86               	goto	u375
   911     0789  0878               	movf	??_main+1,w
   912     078A  0477               	iorwf	??_main,w
   913     078B  00F0               	movwf	MAX7219_send@d
   914     078C  0826               	movf	main@registro,w
   915     078D  3185  25A9  3185   	fcall	_MAX7219_send
   916     0790                     l903:
   917                           
   918                           ;newmain.c: 192:             }
   919     0790  3001               	movlw	1
   920     0791  0020               	movlb	0	; select bank0
   921     0792  07AA               	addwf	main@j,f
   922     0793  3000               	movlw	0
   923     0794  3DAB               	addwfc	main@j+1,f
   924     0795                     l905:
   925     0795  082B               	movf	main@j+1,w
   926     0796  3A80               	xorlw	128
   927     0797  00F7               	movwf	??_main
   928     0798  3080               	movlw	128
   929     0799  0277               	subwf	??_main,w
   930     079A  1D03               	skipz
   931     079B  2F9E               	goto	u385
   932     079C  3003               	movlw	3
   933     079D  022A               	subwf	main@j,w
   934     079E                     u385:
   935     079E  1C03               	skipc
   936     079F  2FA1               	goto	u381
   937     07A0  2FA2               	goto	u380
   938     07A1                     u381:
   939     07A1  2F66               	goto	l899
   940     07A2                     u380:
   941     07A2                     l907:
   942                           
   943                           ;newmain.c: 193:             MAX7219_update();
   944     07A2  3185  2586  3185   	fcall	_MAX7219_update
   945     07A5                     l909:
   946                           
   947                           ;newmain.c: 194:         }
   948     07A5  3001               	movlw	1
   949     07A6  0020               	movlb	0	; select bank0
   950     07A7  07AE               	addwf	main@i,f
   951     07A8  3000               	movlw	0
   952     07A9  3DAF               	addwfc	main@i+1,f
   953     07AA                     l911:
   954     07AA  082F               	movf	main@i+1,w
   955     07AB  3A80               	xorlw	128
   956     07AC  00F7               	movwf	??_main
   957     07AD  3080               	movlw	128
   958     07AE  0277               	subwf	??_main,w
   959     07AF  1D03               	skipz
   960     07B0  2FB3               	goto	u395
   961     07B1  3008               	movlw	8
   962     07B2  022E               	subwf	main@i,w
   963     07B3                     u395:
   964     07B3  1C03               	skipc
   965     07B4  2FB6               	goto	u391
   966     07B5  2FB7               	goto	u390
   967     07B6                     u391:
   968     07B6  2F50               	goto	l889
   969     07B7                     u390:
   970     07B7                     l913:
   971                           
   972                           ;newmain.c: 195:         if(duracion <= 2) {
   973     07B7  0020               	movlb	0	; select bank0
   974     07B8  0825               	movf	main@duracion+1,w
   975     07B9  3A80               	xorlw	128
   976     07BA  00F7               	movwf	??_main
   977     07BB  3080               	movlw	128
   978     07BC  0277               	subwf	??_main,w
   979     07BD  1D03               	skipz
   980     07BE  2FC1               	goto	u405
   981     07BF  3003               	movlw	3
   982     07C0  0224               	subwf	main@duracion,w
   983     07C1                     u405:
   984     07C1  1803               	skipnc
   985     07C2  2FC4               	goto	u401
   986     07C3  2FC5               	goto	u400
   987     07C4                     u401:
   988     07C4  2FCB               	goto	l917
   989     07C5                     u400:
   990     07C5                     l915:
   991                           
   992                           ;newmain.c: 196:             duracion++;
   993     07C5  3001               	movlw	1
   994     07C6  0020               	movlb	0	; select bank0
   995     07C7  07A4               	addwf	main@duracion,f
   996     07C8  3000               	movlw	0
   997     07C9  3DA5               	addwfc	main@duracion+1,f
   998                           
   999                           ;newmain.c: 197:         }
  1000     07CA  2F1E               	goto	l869
  1001     07CB                     l917:
  1002                           
  1003                           ;newmain.c: 199:             duracion = 0;
  1004     07CB  0020               	movlb	0	; select bank0
  1005     07CC  01A4               	clrf	main@duracion
  1006     07CD  01A5               	clrf	main@duracion+1
  1007     07CE                     l919:
  1008                           
  1009                           ;newmain.c: 200:             corrimiento++;
  1010     07CE  3001               	movlw	1
  1011     07CF  07AC               	addwf	main@corrimiento,f
  1012     07D0  3000               	movlw	0
  1013     07D1  3DAD               	addwfc	main@corrimiento+1,f
  1014     07D2                     l921:
  1015                           
  1016                           ;newmain.c: 202:             if(corrimiento >= 8) {
  1017     07D2  082D               	movf	main@corrimiento+1,w
  1018     07D3  3A80               	xorlw	128
  1019     07D4  00F7               	movwf	??_main
  1020     07D5  3080               	movlw	128
  1021     07D6  0277               	subwf	??_main,w
  1022     07D7  1D03               	skipz
  1023     07D8  2FDB               	goto	u415
  1024     07D9  3008               	movlw	8
  1025     07DA  022C               	subwf	main@corrimiento,w
  1026     07DB                     u415:
  1027     07DB  1C03               	skipc
  1028     07DC  2FDE               	goto	u411
  1029     07DD  2FDF               	goto	u410
  1030     07DE                     u411:
  1031     07DE  2F1E               	goto	l869
  1032     07DF                     u410:
  1033     07DF                     l923:
  1034                           
  1035                           ;newmain.c: 203:                 corrimiento = 0;
  1036     07DF  0020               	movlb	0	; select bank0
  1037     07E0  01AC               	clrf	main@corrimiento
  1038     07E1  01AD               	clrf	main@corrimiento+1
  1039     07E2                     l925:
  1040                           
  1041                           ;newmain.c: 204:                 pos++;
  1042     07E2  3001               	movlw	1
  1043     07E3  07A7               	addwf	main@pos,f
  1044     07E4  3000               	movlw	0
  1045     07E5  3DA8               	addwfc	main@pos+1,f
  1046     07E6                     l927:
  1047                           
  1048                           ;newmain.c: 207:                 if(pos > (7 - 3)) {
  1049     07E6  0828               	movf	main@pos+1,w
  1050     07E7  3A80               	xorlw	128
  1051     07E8  00F7               	movwf	??_main
  1052     07E9  3080               	movlw	128
  1053     07EA  0277               	subwf	??_main,w
  1054     07EB  1D03               	skipz
  1055     07EC  2FEF               	goto	u425
  1056     07ED  3005               	movlw	5
  1057     07EE  0227               	subwf	main@pos,w
  1058     07EF                     u425:
  1059     07EF  1C03               	skipc
  1060     07F0  2FF2               	goto	u421
  1061     07F1  2FF3               	goto	u420
  1062     07F2                     u421:
  1063     07F2  2F1E               	goto	l869
  1064     07F3                     u420:
  1065     07F3                     l929:
  1066                           
  1067                           ;newmain.c: 208:                     pos = 0;
  1068     07F3  0020               	movlb	0	; select bank0
  1069     07F4  01A7               	clrf	main@pos
  1070     07F5  01A8               	clrf	main@pos+1
  1071     07F6  2F1E               	goto	l869
  1072     07F7  3180  2802         	ljmp	start
  1073     07F9                     __end_of_main:
  1074                           
  1075                           	psect	text1
  1076     058A                     __ptext1:	
  1077 ;; *************** function ___wmul *****************
  1078 ;; Defined at:
  1079 ;;		line 15 in file "C:\Program Files\Microchip\xc8\v3.10\pic\sources\c99\common\Umul16.c"
  1080 ;; Parameters:    Size  Location     Type
  1081 ;;  multiplier      2    0[COMMON] unsigned int 
  1082 ;;  multiplicand    2    2[COMMON] unsigned int 
  1083 ;; Auto vars:     Size  Location     Type
  1084 ;;  product         2    4[COMMON] unsigned int 
  1085 ;; Return value:  Size  Location     Type
  1086 ;;                  2    0[COMMON] unsigned int 
  1087 ;; Registers used:
  1088 ;;		wreg, status,2, status,0
  1089 ;; Tracked objects:
  1090 ;;		On entry : 0/0
  1091 ;;		On exit  : 0/0
  1092 ;;		Unchanged: 0/0
  1093 ;; Data sizes:     COMMON   BANK0   BANK1   BANK2   BANK3   BANK4   BANK5   BANK6   BANK7   BANK8   BANK9  BANK10  BANK1
      +1  BANK12
  1094 ;;      Params:         4       0       0       0       0       0       0       0       0       0       0       0       
      +0       0
  1095 ;;      Locals:         2       0       0       0       0       0       0       0       0       0       0       0       
      +0       0
  1096 ;;      Temps:          0       0       0       0       0       0       0       0       0       0       0       0       
      +0       0
  1097 ;;      Totals:         6       0       0       0       0       0       0       0       0       0       0       0       
      +0       0
  1098 ;;Total ram usage:        6 bytes
  1099 ;; Hardware stack levels used: 1
  1100 ;; This function calls:
  1101 ;;		Nothing
  1102 ;; This function is called by:
  1103 ;;		_main
  1104 ;; This function uses a non-reentrant model
  1105 ;;
  1106                           
  1107     058A                     ___wmul:	
  1108                           ;psect for function ___wmul
  1109                           
  1110     058A                     l767:	
  1111                           ;incstack = 0
  1112                           ; Regs used in ___wmul: [wreg+status,2+status,0]
  1113                           
  1114     058A  01F4               	clrf	___wmul@product
  1115     058B  01F5               	clrf	___wmul@product+1
  1116     058C                     l769:
  1117     058C  1C70               	btfss	___wmul@multiplier,0
  1118     058D  2D8F               	goto	u301
  1119     058E  2D90               	goto	u300
  1120     058F                     u301:
  1121     058F  2D94               	goto	l81
  1122     0590                     u300:
  1123     0590                     l771:
  1124     0590  0872               	movf	___wmul@multiplicand,w
  1125     0591  07F4               	addwf	___wmul@product,f
  1126     0592  0873               	movf	___wmul@multiplicand+1,w
  1127     0593  3DF5               	addwfc	___wmul@product+1,f
  1128     0594                     l81:
  1129     0594  3001               	movlw	1
  1130     0595                     u315:
  1131     0595  35F2               	lslf	___wmul@multiplicand,f
  1132     0596  0DF3               	rlf	___wmul@multiplicand+1,f
  1133     0597  0B89               	decfsz	9,f
  1134     0598  2D95               	goto	u315
  1135     0599                     l773:
  1136     0599  3001               	movlw	1
  1137     059A                     u325:
  1138     059A  36F1               	lsrf	___wmul@multiplier+1,f
  1139     059B  0CF0               	rrf	___wmul@multiplier,f
  1140     059C  0B89               	decfsz	9,f
  1141     059D  2D9A               	goto	u325
  1142     059E                     l775:
  1143     059E  0870               	movf	___wmul@multiplier,w
  1144     059F  0471               	iorwf	___wmul@multiplier+1,w
  1145     05A0  1D03               	btfss	3,2
  1146     05A1  2DA3               	goto	u331
  1147     05A2  2DA4               	goto	u330
  1148     05A3                     u331:
  1149     05A3  2D8C               	goto	l769
  1150     05A4                     u330:
  1151     05A4                     l777:
  1152     05A4  0875               	movf	___wmul@product+1,w
  1153     05A5  00F1               	movwf	?___wmul+1
  1154     05A6  0874               	movf	___wmul@product,w
  1155     05A7  00F0               	movwf	?___wmul
  1156     05A8                     l83:
  1157     05A8  0008               	return
  1158     05A9                     __end_of___wmul:
  1159                           
  1160                           	psect	text2
  1161     0586                     __ptext2:	
  1162 ;; *************** function _MAX7219_update *****************
  1163 ;; Defined at:
  1164 ;;		line 245 in file "newmain.c"
  1165 ;; Parameters:    Size  Location     Type
  1166 ;;		None
  1167 ;; Auto vars:     Size  Location     Type
  1168 ;;		None
  1169 ;; Return value:  Size  Location     Type
  1170 ;;                  1    wreg      void 
  1171 ;; Registers used:
  1172 ;;		None
  1173 ;; Tracked objects:
  1174 ;;		On entry : 0/0
  1175 ;;		On exit  : 0/0
  1176 ;;		Unchanged: 0/0
  1177 ;; Data sizes:     COMMON   BANK0   BANK1   BANK2   BANK3   BANK4   BANK5   BANK6   BANK7   BANK8   BANK9  BANK10  BANK1
      +1  BANK12
  1178 ;;      Params:         0       0       0       0       0       0       0       0       0       0       0       0       
      +0       0
  1179 ;;      Locals:         0       0       0       0       0       0       0       0       0       0       0       0       
      +0       0
  1180 ;;      Temps:          0       0       0       0       0       0       0       0       0       0       0       0       
      +0       0
  1181 ;;      Totals:         0       0       0       0       0       0       0       0       0       0       0       0       
      +0       0
  1182 ;;Total ram usage:        0 bytes
  1183 ;; Hardware stack levels used: 1
  1184 ;; This function calls:
  1185 ;;		Nothing
  1186 ;; This function is called by:
  1187 ;;		_main
  1188 ;; This function uses a non-reentrant model
  1189 ;;
  1190                           
  1191     0586                     _MAX7219_update:	
  1192                           ;psect for function _MAX7219_update
  1193                           
  1194     0586                     l765:	
  1195                           ;incstack = 0
  1196                           ; Regs used in _MAX7219_update: []
  1197                           
  1198                           
  1199                           ;newmain.c: 247:     RC4 = 1;
  1200     0586  0020               	movlb	0	; select bank0
  1201     0587  160E               	bsf	14,4	;volatile
  1202                           
  1203                           ;newmain.c: 248:     RC4 = 0;
  1204     0588  120E               	bcf	14,4	;volatile
  1205     0589                     l65:
  1206     0589  0008               	return
  1207     058A                     __end_of_MAX7219_update:
  1208                           
  1209                           	psect	text3
  1210     05A9                     __ptext3:	
  1211 ;; *************** function _MAX7219_send *****************
  1212 ;; Defined at:
  1213 ;;		line 221 in file "newmain.c"
  1214 ;; Parameters:    Size  Location     Type
  1215 ;;  a               1    wreg     unsigned char 
  1216 ;;  d               1    0[COMMON] unsigned char 
  1217 ;; Auto vars:     Size  Location     Type
  1218 ;;  a               1    2[COMMON] unsigned char 
  1219 ;;  i               2    5[COMMON] int 
  1220 ;;  i               2    3[COMMON] int 
  1221 ;; Return value:  Size  Location     Type
  1222 ;;                  1    wreg      void 
  1223 ;; Registers used:
  1224 ;;		wreg, status,2, status,0
  1225 ;; Tracked objects:
  1226 ;;		On entry : 0/0
  1227 ;;		On exit  : 0/0
  1228 ;;		Unchanged: 0/0
  1229 ;; Data sizes:     COMMON   BANK0   BANK1   BANK2   BANK3   BANK4   BANK5   BANK6   BANK7   BANK8   BANK9  BANK10  BANK1
      +1  BANK12
  1230 ;;      Params:         1       0       0       0       0       0       0       0       0       0       0       0       
      +0       0
  1231 ;;      Locals:         5       0       0       0       0       0       0       0       0       0       0       0       
      +0       0
  1232 ;;      Temps:          1       0       0       0       0       0       0       0       0       0       0       0       
      +0       0
  1233 ;;      Totals:         7       0       0       0       0       0       0       0       0       0       0       0       
      +0       0
  1234 ;;Total ram usage:        7 bytes
  1235 ;; Hardware stack levels used: 1
  1236 ;; This function calls:
  1237 ;;		Nothing
  1238 ;; This function is called by:
  1239 ;;		_main
  1240 ;; This function uses a non-reentrant model
  1241 ;;
  1242                           
  1243     05A9                     _MAX7219_send:	
  1244                           ;psect for function _MAX7219_send
  1245                           
  1246                           
  1247                           ;incstack = 0
  1248                           ; Regs used in _MAX7219_send: [wreg+status,2+status,0]
  1249                           ;MAX7219_send@a stored from wreg
  1250     05A9  00F2               	movwf	MAX7219_send@a
  1251     05AA                     l735:
  1252                           
  1253                           ;newmain.c: 224:     for (int i=7; i>=0; i--) {
  1254     05AA  3007               	movlw	7
  1255     05AB  00F3               	movwf	MAX7219_send@i
  1256     05AC  3000               	movlw	0
  1257     05AD  00F4               	movwf	MAX7219_send@i+1
  1258     05AE                     l739:
  1259                           
  1260                           ;newmain.c: 225:         RC5 = (a >> i) & 1;
  1261     05AE  0872               	movf	MAX7219_send@a,w
  1262     05AF  00F1               	movwf	??_MAX7219_send
  1263     05B0  0A73               	incf	MAX7219_send@i,w
  1264     05B1  2DB3               	goto	u224
  1265     05B2                     u225:
  1266     05B2  36F1               	lsrf	??_MAX7219_send,f
  1267     05B3                     u224:
  1268     05B3  0B89               	decfsz	9,f
  1269     05B4  2DB2               	goto	u225
  1270     05B5  1871               	btfsc	??_MAX7219_send,0
  1271     05B6  2DB8               	goto	u231
  1272     05B7  2DBB               	goto	u230
  1273     05B8                     u231:
  1274     05B8  0020               	movlb	0	; select bank0
  1275     05B9  168E               	bsf	14,5	;volatile
  1276     05BA  2DBD               	goto	u244
  1277     05BB                     u230:
  1278     05BB  0020               	movlb	0	; select bank0
  1279     05BC  128E               	bcf	14,5	;volatile
  1280     05BD                     u244:
  1281     05BD                     l741:
  1282                           
  1283                           ;newmain.c: 226:         RC3 = 1;
  1284     05BD  158E               	bsf	14,3	;volatile
  1285     05BE                     l743:
  1286                           
  1287                           ;newmain.c: 227:         RC3 = 0;
  1288     05BE  118E               	bcf	14,3	;volatile
  1289     05BF                     l745:
  1290                           
  1291                           ;newmain.c: 228:     }
  1292     05BF  30FF               	movlw	255
  1293     05C0  07F3               	addwf	MAX7219_send@i,f
  1294     05C1  30FF               	movlw	255
  1295     05C2  3DF4               	addwfc	MAX7219_send@i+1,f
  1296     05C3                     l747:
  1297     05C3  1FF4               	btfss	MAX7219_send@i+1,7
  1298     05C4  2DC6               	goto	u251
  1299     05C5  2DC7               	goto	u250
  1300     05C6                     u251:
  1301     05C6  2DAE               	goto	l739
  1302     05C7                     u250:
  1303     05C7                     l749:
  1304                           
  1305                           ;newmain.c: 231:     for (int i=7; i>=0; i--) {
  1306     05C7  3007               	movlw	7
  1307     05C8  00F5               	movwf	MAX7219_send@i_66
  1308     05C9  3000               	movlw	0
  1309     05CA  00F6               	movwf	MAX7219_send@i_66+1
  1310     05CB                     l755:
  1311                           
  1312                           ;newmain.c: 232:         RC5 = (d >> i) & 1;
  1313     05CB  0870               	movf	MAX7219_send@d,w
  1314     05CC  00F1               	movwf	??_MAX7219_send
  1315     05CD  0A75               	incf	MAX7219_send@i_66,w
  1316     05CE  2DD0               	goto	u264
  1317     05CF                     u265:
  1318     05CF  36F1               	lsrf	??_MAX7219_send,f
  1319     05D0                     u264:
  1320     05D0  0B89               	decfsz	9,f
  1321     05D1  2DCF               	goto	u265
  1322     05D2  1871               	btfsc	??_MAX7219_send,0
  1323     05D3  2DD5               	goto	u271
  1324     05D4  2DD8               	goto	u270
  1325     05D5                     u271:
  1326     05D5  0020               	movlb	0	; select bank0
  1327     05D6  168E               	bsf	14,5	;volatile
  1328     05D7  2DDA               	goto	u284
  1329     05D8                     u270:
  1330     05D8  0020               	movlb	0	; select bank0
  1331     05D9  128E               	bcf	14,5	;volatile
  1332     05DA                     u284:
  1333     05DA                     l757:
  1334                           
  1335                           ;newmain.c: 233:         RC3 = 1;
  1336     05DA  158E               	bsf	14,3	;volatile
  1337     05DB                     l759:
  1338                           
  1339                           ;newmain.c: 234:         RC3 = 0;
  1340     05DB  118E               	bcf	14,3	;volatile
  1341     05DC                     l761:
  1342                           
  1343                           ;newmain.c: 235:     }
  1344     05DC  30FF               	movlw	255
  1345     05DD  07F5               	addwf	MAX7219_send@i_66,f
  1346     05DE  30FF               	movlw	255
  1347     05DF  3DF6               	addwfc	MAX7219_send@i_66+1,f
  1348     05E0                     l763:
  1349     05E0  1FF6               	btfss	MAX7219_send@i_66+1,7
  1350     05E1  2DE3               	goto	u291
  1351     05E2  2DE4               	goto	u290
  1352     05E3                     u291:
  1353     05E3  2DCB               	goto	l755
  1354     05E4                     u290:
  1355     05E4                     l61:
  1356                           
  1357                           ;newmain.c: 239:     RC5 = 0;
  1358     05E4  128E               	bcf	14,5	;volatile
  1359     05E5                     l62:
  1360     05E5  0008               	return
  1361     05E6                     __end_of_MAX7219_send:
  1362     0002                     ___latbits      equ	2
  1363     007E                     btemp           set	126	;btemp
  1364     007E                     btemp0          set	126
  1365     007F                     btemp1          set	127
  1366     007E                     wtemp0          set	126
  1367     007F                     wtemp0a         set	127
  1368     007F                     ttemp0a         set	127
  1369     0080                     ltemp0a         set	128
  1370                           
  1371                           	psect	config
  1372                           
  1373                           ;Config register CONFIG1 @ 0x8007
  1374                           ;	Oscillator Selection Bits
  1375                           ;	FOSC = INTOSC, INTOSC oscillator: I/O function on CLKIN pin
  1376                           ;	Watchdog Timer Enable
  1377                           ;	WDTE = OFF, WDT disabled
  1378                           ;	Power-up Timer Enable
  1379                           ;	PWRTE = OFF, PWRT disabled
  1380                           ;	MCLR Pin Function Select
  1381                           ;	MCLRE = OFF, MCLR/VPP pin function is digital input
  1382                           ;	Flash Program Memory Code Protection
  1383                           ;	CP = OFF, Program memory code protection is disabled
  1384                           ;	Brown-out Reset Enable
  1385                           ;	BOREN = OFF, Brown-out Reset disabled
  1386                           ;	Clock Out Enable
  1387                           ;	CLKOUTEN = OFF, CLKOUT function is disabled. I/O or oscillator function on the CLKOUT 
      +                          pin
  1388                           ;	Internal/External Switchover Mode
  1389                           ;	IESO = OFF, Internal/External Switchover Mode is disabled
  1390                           ;	Fail-Safe Clock Monitor Enable
  1391                           ;	FCMEN = OFF, Fail-Safe Clock Monitor is disabled
  1392     8007                     	org	32775
  1393     8007  09A4               	dw	2468
  1394                           
  1395                           ;Config register CONFIG2 @ 0x8008
  1396                           ;	Flash Memory Self-Write Protection
  1397                           ;	WRT = OFF, Write protection off
  1398                           ;	CPU System Clock Selection Bit
  1399                           ;	CPUDIV = CLKDIV6, CPU system clock divided by 6
  1400                           ;	USB Low Speed Clock Selection bit
  1401                           ;	USBLSCLK = 48MHz, System clock expects 48 MHz, FS/LS USB CLKENs divide-by is set to 8.
  1402                           ;	PLL Multiplier Selection Bit
  1403                           ;	PLLMULT = 3x, 3x Output Frequency Selected
  1404                           ;	PLL Enable Bit
  1405                           ;	PLLEN = ENABLED, 3x or 4x PLL Enabled
  1406                           ;	Stack Overflow/Underflow Reset Enable
  1407                           ;	STVREN = ON, Stack Overflow or Underflow will cause a Reset
  1408                           ;	Brown-out Reset Voltage Selection
  1409                           ;	BORV = LO, Brown-out Reset Voltage (Vbor), low trip point selected.
  1410                           ;	Low-Power Brown Out Reset
  1411                           ;	LPBOR = OFF, Low-Power BOR is disabled
  1412                           ;	Low-Voltage Programming Enable
  1413                           ;	LVP = OFF, High-voltage on MCLR/VPP must be used for programming
  1414     8008                     	org	32776
  1415     8008  1FFF               	dw	8191

Data Sizes:
    Strings     0
    Constant    56
    Data        1
    BSS         0
    Persistent  48
    Stack       0

Auto Spaces:
    Space          Size  Autos    Used
    COMMON           14      9       9
    BANK0            80     16      17
    BANK1            80      0       0
    BANK2            80      0       0
    BANK3            80      0       0
    BANK4            80      0       0
    BANK5            80      0       0
    BANK6            80      0       0
    BANK7            80      0       0
    BANK8            80      0       0
    BANK9            80      0       0
    BANK10           80      0       0
    BANK11           80      0       0
    BANK12           48      0       0

Pointer List with Targets:

    None.

Critical Paths under _main in COMMON

    _main->_MAX7219_send

Critical Paths under _main in BANK0

    None.

Critical Paths under _main in BANK1

    None.

Critical Paths under _main in BANK2

    None.

Critical Paths under _main in BANK3

    None.

Critical Paths under _main in BANK4

    None.

Critical Paths under _main in BANK5

    None.

Critical Paths under _main in BANK6

    None.

Critical Paths under _main in BANK7

    None.

Critical Paths under _main in BANK8

    None.

Critical Paths under _main in BANK9

    None.

Critical Paths under _main in BANK10

    None.

Critical Paths under _main in BANK11

    None.

Critical Paths under _main in BANK12

    None.

Call Graph Tables:

 ---------------------------------------------------------------------------------
 (Depth) Function   	        Calls       Base Space   Used Autos Params    Refs
 ---------------------------------------------------------------------------------
 (0) _main                                                18    18      0     749
                                              7 COMMON     2     2      0
                                              0 BANK0     16    16      0
                       _MAX7219_send
                     _MAX7219_update
                             ___wmul
 ---------------------------------------------------------------------------------
 (1) ___wmul                                               6     2      4      94
                                              0 COMMON     6     2      4
 ---------------------------------------------------------------------------------
 (1) _MAX7219_update                                       0     0      0       0
 ---------------------------------------------------------------------------------
 (1) _MAX7219_send                                         7     6      1     240
                                              0 COMMON     7     6      1
 ---------------------------------------------------------------------------------
 Estimated maximum stack depth 1
 ---------------------------------------------------------------------------------

 Call Graph Graphs:

 _main (ROOT)
   _MAX7219_send
   _MAX7219_update
   ___wmul

Address spaces:
Name               Size   Autos  Total    Usage
BITCOMMON           14      0       0      0.0%
BITBANK0            80      0       0      0.0%
BITBANK1            80      0       0      0.0%
BITBANK2            80      0       0      0.0%
BITBANK3            80      0       0      0.0%
BITBANK4            80      0       0      0.0%
BITBANK5            80      0       0      0.0%
BITBANK6            80      0       0      0.0%
BITBANK7            80      0       0      0.0%
BITBANK8            80      0       0      0.0%
BITBANK9            80      0       0      0.0%
BITBANK10           80      0       0      0.0%
BITBANK11           80      0       0      0.0%
BITBANK12           48      0       0      0.0%
BIGRAM            1008      0       0      0.0%
COMMON              14      9       9     64.3%
BANK0               80     16      17     21.2%
BANK1               80      0       0      0.0%
BANK2               80      0       0      0.0%
BANK3               80      0       0      0.0%
BANK4               80      0       0      0.0%
BANK5               80      0       0      0.0%
BANK6               80      0       0      0.0%
BANK7               80      0       0      0.0%
BANK8               80      0       0      0.0%
BANK9               80      0       0      0.0%
BANK10              80      0       0      0.0%
BANK11              80      0       0      0.0%
BANK12              48      0       0      0.0%
STACK                0      0       0      0.0%
DATA                 0      0      26      0.0%


Microchip Technology PIC Macro Assembler V3.10 build 20250813170317 
Symbol Table                                                                                   Tue Feb 17 14:24:41 2026

                     l42 072E                       l61 05E4                       l62 05E5  
                     l65 0589                       l81 0594                       l83 05A8  
    ___wmul@multiplicand 0072                      l801 0646                      l811 0672  
                    l803 064C                      l741 05BD                      l901 076B  
                    l821 069D                      l813 0677                      l805 0652  
                    l743 05BE                      l735 05AA                      l911 07AA  
                    l903 0790                      l831 06B4                      l823 06A0  
                    l815 067C                      l807 0658                      l761 05DC  
                    l745 05BF                      l921 07D2                      l913 07B7  
                    l905 0795                      l841 06DD                      l833 06CB  
                    l825 06A5                      l817 0681                      l809 066F  
                    l763 05E0                      l755 05CB                      l747 05C3  
                    l739 05AE                      l771 0590                      l923 07DF  
                    l915 07C5                      l907 07A2                      l851 0706  
                    l843 06E2                      l835 06CE                      l827 06AA  
                    l819 0686                      l757 05DA                      l749 05C7  
                    l765 0586                      l773 0599                      l925 07E2  
                    l917 07CB                      l909 07A5                      l861 0713  
                    l853 070B                      l845 06F9                      l837 06D3  
                    l829 06AF                      l781 05E6                      l759 05DB  
                    l775 059E                      l767 058A                      l927 07E6  
                    l919 07CE                      l871 0723                      l863 0716  
                    l855 0710                      l847 06FC                      l839 06D8  
                    l791 0618                      l783 05F3                      l777 05A4  
                    l769 058C                      l929 07F3                      l881 074A  
                    l873 0724                      l865 0718                      l857 0713  
                    l849 0701                      l793 061D                      l785 060B  
                    l891 0754                      l883 074D                      l875 0726  
                    l867 071A                      l859 0713                      l795 0622  
                    l787 060E                      l893 0764                      l877 072C  
                    l869 071E                      l797 063D                      l789 0613  
                    l879 072F                      l799 0640                      l889 0750  
                    l899 0766                      _RA5 0065                      _RC2 0072  
                    _RC3 0073                      _RC4 0074                      _RC5 0075  
                    u300 0590                      u301 058F                      u230 05BB  
                    u231 05B8                      u224 05B3                      u400 07C5  
                    u225 05B2                      u401 07C4                      u250 05C7  
                    u330 05A4                      u410 07DF                      u251 05C6  
                    u331 05A3                      u315 0595                      u411 07DE  
                    u244 05BD                      u420 07F3                      u340 0723  
                    u325 059A                      u421 07F2                      u405 07C1  
                    u341 0722                      u270 05D8                      u350 072C  
                    u271 05D5                      u415 07DB                      u351 072B  
                    u264 05D0                      u265 05CF                      u425 07EF  
                    u290 05E4                      u291 05E3                      u284 05DA  
                    u380 07A2                      u364 0779                      u381 07A1  
                    u365 0778                      u390 07B7                      u374 0787  
                    u391 07B6                      u375 0786                      u385 079E  
                    u395 07B3                      _brt 0030                      wreg 0009  
                   _main 05E6                     fsr0h 0005                     indf0 0000  
                   fsr0l 0004                     btemp 007E                     start 0002  
                  ?_main 0070                    _ANSC2 0C72                    _ANSC3 0C73  
           main@duracion 0024                    _WPUA5 1065             main@registro 0026  
                  btemp0 007E                    btemp1 007F                    main@i 002E  
                  main@j 002A                    status 0003                    wtemp0 007E  
   __end_of_MAX7219_send 05E6          __initialization 07F9             __end_of_main 07F9  
                 ??_main 0077       main@desplazamiento 0022                   _TRISA5 0465  
                 _TRISC2 0472                   _TRISC3 0473                   _TRISC4 0474  
                 _TRISC5 0475                   _nWPUEN 04AF                   ___wmul 058A  
                 ltemp0a 0080                   ttemp0a 007F                   wtemp0a 007F  
__end_of__initialization 07FD           __pcstackCOMMON 0070             __pidataBANK0 0585  
             __pmaintext 05E6                  ?___wmul 0070           main@n_columnas 0020  
           _MAX7219_send 05A9                  __ptext1 058A                  __ptext2 0586  
                __ptext3 05A9           _MAX7219_update 0586                  main@idx 0029  
                main@pos 0027     end_of_initialization 07FD   __end_of_MAX7219_update 058A  
         __end_of___wmul 05A9      start_initialization 07F9          ?_MAX7219_update 0070  
               ??___wmul 0074              __pdataBANK0 0030                ___latbits 0002  
          __pcstackBANK0 0020         MAX7219_send@i_66 0075          main@imagen_8x32 0800  
          MAX7219_send@a 0072            MAX7219_send@d 0070            MAX7219_send@i 0073  
        main@corrimiento 002C           ___wmul@product 0074        ___wmul@multiplier 0070  
__end_ofmain@imagen_8x32 0838         ??_MAX7219_update 0070            ?_MAX7219_send 0070  
          __pstringtext1 0800           ??_MAX7219_send 0071  
