<html>
<body>
<pre>
<h1>µVision Build Log</h1>
<h2>Tool Versions:</h2>
IDE-Version: µVision V5.43.1.0
Copyright (C) 2025 ARM Ltd and ARM Germany GmbH. All rights reserved.
License Information: Diego Arellano, Universidad Ecci, LIC=----
 
Tool Versions:
Toolchain:       MDK-Lite  Version: 5.43.0.0
Toolchain Path:  C:\Keil_v5\ARM\ARMCLANG\Bin
C Compiler:      ArmClang.exe V6.24
Assembler:       Armasm.exe V6.24
Linker/Locator:  ArmLink.exe V6.24
Library Manager: ArmAr.exe V6.24
Hex Converter:   FromElf.exe V6.24
CPU DLL:         SARMCM3.DLL V5.43.0.0
Dialog DLL:      DCM.DLL V1.17.5.0
Target DLL:      STLink\ST-LINKIII-KEIL_SWO.dll V3.3.1.0
Dialog DLL:      TCM.DLL V1.56.6.0
 
<h2>Project:</h2>
C:\Users\tato2\Documents\Universidad\Sistemas-Embebidos\Corte-I\Matriz_Led\LCD_Matriz8x8\LCD_Matriz8x8.uvprojx
Project File Date:  02/27/2026

<h2>Output:</h2>
*** Using Compiler 'V6.24', folder: 'C:\Keil_v5\ARM\ARMCLANG\Bin'
Rebuild target 'Target_1'
Matrix8x8.cpp(3): warning: In file included from...
.\config.h(45): warning: array designators are a C99 extension [-Wc99-designator]
   45 |         ['A'] = {5, {0x3e, 0x3f, 0x09, 0x09, 0x3e}},
      |         ^~~~~
1 warning generated.
compiling Matrix8x8.cpp...
compiling system_stm32f7xx.c...
LCD.cpp(2): warning: In file included from...
.\config.h(45): warning: array designators are a C99 extension [-Wc99-designator]
   45 |         ['A'] = {5, {0x3e, 0x3f, 0x09, 0x09, 0x3e}},
      |         ^~~~~
LCD.cpp(47): warning: comparison of integers of different signs: 'int' and 'size_t' (aka 'unsigned int') [-Wsign-compare]
   47 |     for(int i = 0; i < strlen(string); i++) {
      |                    ~ ^ ~~~~~~~~~~~~~~
2 warnings generated.
compiling LCD.cpp...
LCD_Matriz8x8.cpp(8): warning: In file included from...
.\config.h(45): warning: array designators are a C99 extension [-Wc99-designator]
   45 |         ['A'] = {5, {0x3e, 0x3f, 0x09, 0x09, 0x3e}},
      |         ^~~~~
1 warning generated.
compiling LCD_Matriz8x8.cpp...
init.cpp(6): warning: comparison of integers of different signs: 'int' and 'uint32_t' (aka 'unsigned int') [-Wsign-compare]
    6 |         for (int t = 0; t < time; t++);
      |                         ~ ^ ~~~~
1 warning generated.
compiling init.cpp...
assembling startup_stm32f767xx.s...
linking...
Program Size: Code=3982 RO-data=1438 RW-data=0 ZI-data=1864  
FromELF: creating hex file...
".\LCD_Matriz8x8.axf" - 0 Error(s), 5 Warning(s).

<h2>Software Packages used:</h2>

Package Vendor: ARM
                https://www.keil.com/pack/ARM.CMSIS.6.3.0.pack
                ARM::CMSIS@6.3.0
                CMSIS (Common Microcontroller Software Interface Standard)
   * Component: CORE Version: 6.2.0

Package Vendor: Keil
                https://www.keil.com/pack/Keil.STM32F7xx_DFP.3.1.1.pack
                Keil::STM32F7xx_DFP@3.1.1
                STMicroelectronics STM32F7 Series Device Support

Package Vendor: Keil
                https://www.keil.com/pack/Keil.STM32F7xx_DFP.2.16.0.pack
                Keil::STM32F7xx_DFP@2.16.0
                STMicroelectronics STM32F7 Series Device Support, Drivers and Examples
   * Component: Startup Version: 1.2.5

<h2>Collection of Component include folders:</h2>
  ./RTE/_Target_1
  C:/Arm/Packs/ARM/CMSIS/6.3.0/CMSIS/Core/Include
  C:/Arm/Packs/Keil/STM32F7xx_DFP/2.16.0/Drivers/CMSIS/Device/ST/STM32F7xx/Include

<h2>Collection of Component Files used:</h2>

   * Component: ARM::CMSIS:CORE@6.2.0

   * Component: Keil::Device:Startup@1.2.5
      Source file:   MDK/Device/Source/ARM/STM32F76x_77x_OPT.s
      Include file:  Drivers/CMSIS/Device/ST/STM32F7xx/Include/stm32f7xx.h
      Source file:   MDK/Device/Source/ARM/STM32F76x_77x_OTP.s
      Source file:   Drivers/CMSIS/Device/ST/STM32F7xx/Source/Templates/arm/startup_stm32f767xx.s
      Source file:   Drivers/CMSIS/Device/ST/STM32F7xx/Source/Templates/system_stm32f7xx.c
Build Time Elapsed:  00:00:03
</pre>
</body>
</html>
