Component: Arm Compiler for Embedded 6.24 Tool: armlink [5f371500]

==============================================================================

Section Cross References

    init.o(.ARM.exidx.text._Z5Delayj) refers to init.o(.text._Z5Delayj) for [Anonymous Symbol]
    init.o(.text._Z4Initv) refers to init.o(.text._ZL16__NVIC_EnableIRQ9IRQn_Type) for __NVIC_EnableIRQ(IRQn_Type)
    init.o(.ARM.exidx.text._Z4Initv) refers to init.o(.text._Z4Initv) for [Anonymous Symbol]
    init.o(.ARM.exidx.text._ZL16__NVIC_EnableIRQ9IRQn_Type) refers to init.o(.text._ZL16__NVIC_EnableIRQ9IRQn_Type) for [Anonymous Symbol]
    lcd_matriz8x8.o(.text.EXTI15_10_IRQHandler) refers to init.o(.text._Z5Delayj) for Delay(unsigned int)
    lcd_matriz8x8.o(.text.EXTI15_10_IRQHandler) refers to lcd_matriz8x8.o(.data.b) for b
    lcd_matriz8x8.o(.text.EXTI15_10_IRQHandler) refers to lcd.o(.text._Z11SettingsLCDh) for SettingsLCD(unsigned char)
    lcd_matriz8x8.o(.text.EXTI15_10_IRQHandler) refers to lcd_matriz8x8.o(.rodata.str1.1) for .L.str
    lcd_matriz8x8.o(.text.EXTI15_10_IRQHandler) refers to matrix8x8.o(.text._Z15prepararMensajePKc) for prepararMensaje(char const*)
    lcd_matriz8x8.o(.text.EXTI15_10_IRQHandler) refers to lcd.o(.text._Z12PrintDataLCDPKci) for PrintDataLCD(char const*, int)
    lcd_matriz8x8.o(.ARM.exidx.text.EXTI15_10_IRQHandler) refers to lcd_matriz8x8.o(.text.EXTI15_10_IRQHandler) for [Anonymous Symbol]
    lcd_matriz8x8.o(.text.main) refers to init.o(.text._Z4Initv) for Init()
    lcd_matriz8x8.o(.text.main) refers to lcd.o(.text._Z8LCD_Initv) for LCD_Init()
    lcd_matriz8x8.o(.text.main) refers to lcd_matriz8x8.o(.rodata.str1.1) for .L.str
    lcd_matriz8x8.o(.text.main) refers to lcd.o(.text._Z12PrintDataLCDPKci) for PrintDataLCD(char const*, int)
    lcd_matriz8x8.o(.text.main) refers to lcd.o(.text._Z17DisplayShiftRightv) for DisplayShiftRight()
    lcd_matriz8x8.o(.text.main) refers to lcd.o(.text._Z16DisplayShiftLeftv) for DisplayShiftLeft()
    lcd_matriz8x8.o(.text.main) refers to matrix8x8.o(.text._Z15prepararMensajePKc) for prepararMensaje(char const*)
    lcd_matriz8x8.o(.text.main) refers to matrix8x8.o(.text._Z16actualizarScrolli) for actualizarScroll(int)
    lcd_matriz8x8.o(.text.main) refers to matrix8x8.o(.text._Z17refrescarPantallav) for refrescarPantalla()
    lcd_matriz8x8.o(.text.main) refers to lcd_matriz8x8.o(.bss.longitudMensaje) for longitudMensaje
    lcd_matriz8x8.o(.ARM.exidx.text.main) refers to lcd_matriz8x8.o(.text.main) for [Anonymous Symbol]
    matrix8x8.o(.text._Z15prepararMensajePKc) refers to lcd_matriz8x8.o(.bss.longitudMensaje) for longitudMensaje
    matrix8x8.o(.text._Z15prepararMensajePKc) refers to lcd_matriz8x8.o(.bss.bufferMensaje) for bufferMensaje
    matrix8x8.o(.text._Z15prepararMensajePKc) refers to matrix8x8.o(.rodata._ZL9Fuente4x8) for Fuente4x8
    matrix8x8.o(.ARM.exidx.text._Z15prepararMensajePKc) refers to matrix8x8.o(.text._Z15prepararMensajePKc) for [Anonymous Symbol]
    matrix8x8.o(.text._Z16actualizarScrolli) refers to lcd_matriz8x8.o(.bss.longitudMensaje) for longitudMensaje
    matrix8x8.o(.text._Z16actualizarScrolli) refers to lcd_matriz8x8.o(.bss.bufferMensaje) for bufferMensaje
    matrix8x8.o(.text._Z16actualizarScrolli) refers to lcd_matriz8x8.o(.bss.bufferPantalla) for bufferPantalla
    matrix8x8.o(.ARM.exidx.text._Z16actualizarScrolli) refers to matrix8x8.o(.text._Z16actualizarScrolli) for [Anonymous Symbol]
    matrix8x8.o(.text._Z17refrescarPantallav) refers to lcd_matriz8x8.o(.bss.bufferPantalla) for bufferPantalla
    matrix8x8.o(.ARM.exidx.text._Z17refrescarPantallav) refers to matrix8x8.o(.text._Z17refrescarPantallav) for [Anonymous Symbol]
    lcd.o(.text._Z7LCDdatah) refers to init.o(.text._Z5Delayj) for Delay(unsigned int)
    lcd.o(.text._Z7LCDdatah) refers to lcd.o(.text._Z9SetOutPinP12GPIO_TypeDeftb) for SetOutPin(GPIO_TypeDef*, unsigned short, bool)
    lcd.o(.ARM.exidx.text._Z7LCDdatah) refers to lcd.o(.text._Z7LCDdatah) for [Anonymous Symbol]
    lcd.o(.text._Z11SettingsLCDh) refers to lcd.o(.text._Z9SetOutPinP12GPIO_TypeDeftb) for SetOutPin(GPIO_TypeDef*, unsigned short, bool)
    lcd.o(.text._Z11SettingsLCDh) refers to lcd.o(.text._Z7LCDdatah) for LCDdata(unsigned char)
    lcd.o(.ARM.exidx.text._Z11SettingsLCDh) refers to lcd.o(.text._Z11SettingsLCDh) for [Anonymous Symbol]
    lcd.o(.text._Z12WriteLCDdatah) refers to lcd.o(.text._Z9SetOutPinP12GPIO_TypeDeftb) for SetOutPin(GPIO_TypeDef*, unsigned short, bool)
    lcd.o(.text._Z12WriteLCDdatah) refers to lcd.o(.text._Z7LCDdatah) for LCDdata(unsigned char)
    lcd.o(.ARM.exidx.text._Z12WriteLCDdatah) refers to lcd.o(.text._Z12WriteLCDdatah) for [Anonymous Symbol]
    lcd.o(.text._Z12PrintDataLCDPKci) refers to lcd.o(.text._Z11SettingsLCDh) for SettingsLCD(unsigned char)
    lcd.o(.text._Z12PrintDataLCDPKci) refers to strlen.o(.text) for strlen
    lcd.o(.text._Z12PrintDataLCDPKci) refers to lcd.o(.text._Z12WriteLCDdatah) for WriteLCDdata(unsigned char)
    lcd.o(.ARM.exidx.text._Z12PrintDataLCDPKci) refers to lcd.o(.text._Z12PrintDataLCDPKci) for [Anonymous Symbol]
    lcd.o(.text._Z17DisplayShiftRightv) refers to lcd.o(.text._Z11SettingsLCDh) for SettingsLCD(unsigned char)
    lcd.o(.text._Z17DisplayShiftRightv) refers to init.o(.text._Z5Delayj) for Delay(unsigned int)
    lcd.o(.ARM.exidx.text._Z17DisplayShiftRightv) refers to lcd.o(.text._Z17DisplayShiftRightv) for [Anonymous Symbol]
    lcd.o(.text._Z16DisplayShiftLeftv) refers to lcd.o(.text._Z11SettingsLCDh) for SettingsLCD(unsigned char)
    lcd.o(.text._Z16DisplayShiftLeftv) refers to init.o(.text._Z5Delayj) for Delay(unsigned int)
    lcd.o(.ARM.exidx.text._Z16DisplayShiftLeftv) refers to lcd.o(.text._Z16DisplayShiftLeftv) for [Anonymous Symbol]
    lcd.o(.text._Z8LCD_Initv) refers to init.o(.text._Z5Delayj) for Delay(unsigned int)
    lcd.o(.text._Z8LCD_Initv) refers to lcd.o(.text._Z7LCDdatah) for LCDdata(unsigned char)
    lcd.o(.text._Z8LCD_Initv) refers to lcd.o(.text._Z11SettingsLCDh) for SettingsLCD(unsigned char)
    lcd.o(.ARM.exidx.text._Z8LCD_Initv) refers to lcd.o(.text._Z8LCD_Initv) for [Anonymous Symbol]
    startup_stm32f767xx.o(STACK) refers (Special) to heapauxi.o(.text) for __use_two_region_memory
    startup_stm32f767xx.o(HEAP) refers (Special) to heapauxi.o(.text) for __use_two_region_memory
    startup_stm32f767xx.o(RESET) refers (Special) to heapauxi.o(.text) for __use_two_region_memory
    startup_stm32f767xx.o(RESET) refers to startup_stm32f767xx.o(STACK) for __initial_sp
    startup_stm32f767xx.o(RESET) refers to startup_stm32f767xx.o(.text) for Reset_Handler
    startup_stm32f767xx.o(RESET) refers to lcd_matriz8x8.o(.text.EXTI15_10_IRQHandler) for EXTI15_10_IRQHandler
    startup_stm32f767xx.o(.text) refers (Special) to heapauxi.o(.text) for __use_two_region_memory
    startup_stm32f767xx.o(.text) refers to system_stm32f7xx.o(.text.SystemInit) for SystemInit
    startup_stm32f767xx.o(.text) refers to __main.o(!!!main) for __main
    startup_stm32f767xx.o(.text) refers to startup_stm32f767xx.o(HEAP) for Heap_Mem
    startup_stm32f767xx.o(.text) refers to startup_stm32f767xx.o(STACK) for Stack_Mem
    system_stm32f7xx.o(.ARM.exidx.text.SystemInit) refers to system_stm32f7xx.o(.text.SystemInit) for [Anonymous Symbol]
    system_stm32f7xx.o(.text.SystemCoreClockUpdate) refers to system_stm32f7xx.o(.data.SystemCoreClock) for SystemCoreClock
    system_stm32f7xx.o(.text.SystemCoreClockUpdate) refers to system_stm32f7xx.o(.rodata.AHBPrescTable) for AHBPrescTable
    system_stm32f7xx.o(.ARM.exidx.text.SystemCoreClockUpdate) refers to system_stm32f7xx.o(.text.SystemCoreClockUpdate) for [Anonymous Symbol]
    __main.o(!!!main) refers to __rtentry.o(.ARM.Collect$$rtentry$$00000000) for __rt_entry
    __rtentry.o(.ARM.Collect$$rtentry$$00000000) refers (Special) to __rtentry2.o(.ARM.Collect$$rtentry$$0000000A) for __rt_entry_li
    __rtentry.o(.ARM.Collect$$rtentry$$00000000) refers (Special) to __rtentry2.o(.ARM.Collect$$rtentry$$0000000D) for __rt_entry_main
    __rtentry.o(.ARM.Collect$$rtentry$$00000000) refers (Special) to __rtentry2.o(.ARM.Collect$$rtentry$$0000000C) for __rt_entry_postli_1
    __rtentry.o(.ARM.Collect$$rtentry$$00000000) refers (Special) to __rtentry2.o(.ARM.Collect$$rtentry$$00000009) for __rt_entry_postsh_1
    __rtentry.o(.ARM.Collect$$rtentry$$00000000) refers (Special) to __rtentry2.o(.ARM.Collect$$rtentry$$00000002) for __rt_entry_presh_1
    __rtentry.o(.ARM.Collect$$rtentry$$00000000) refers (Special) to __rtentry4.o(.ARM.Collect$$rtentry$$00000004) for __rt_entry_sh
    __rtentry2.o(.ARM.Collect$$rtentry$$00000008) refers to boardinit2.o(.text) for _platform_post_stackheap_init
    __rtentry2.o(.ARM.Collect$$rtentry$$0000000A) refers to libinit.o(.ARM.Collect$$libinit$$00000000) for __rt_lib_init
    __rtentry2.o(.ARM.Collect$$rtentry$$0000000B) refers to boardinit3.o(.text) for _platform_post_lib_init
    __rtentry2.o(.ARM.Collect$$rtentry$$0000000D) refers to lcd_matriz8x8.o(.text.main) for main
    __rtentry2.o(.ARM.Collect$$rtentry$$0000000D) refers to exit.o(.text) for exit
    __rtentry2.o(.ARM.exidx) refers to __rtentry2.o(.ARM.Collect$$rtentry$$00000001) for .ARM.Collect$$rtentry$$00000001
    __rtentry2.o(.ARM.exidx) refers to __rtentry2.o(.ARM.Collect$$rtentry$$00000008) for .ARM.Collect$$rtentry$$00000008
    __rtentry2.o(.ARM.exidx) refers to __rtentry2.o(.ARM.Collect$$rtentry$$0000000A) for .ARM.Collect$$rtentry$$0000000A
    __rtentry2.o(.ARM.exidx) refers to __rtentry2.o(.ARM.Collect$$rtentry$$0000000B) for .ARM.Collect$$rtentry$$0000000B
    __rtentry2.o(.ARM.exidx) refers to __rtentry2.o(.ARM.Collect$$rtentry$$0000000D) for .ARM.Collect$$rtentry$$0000000D
    __rtentry4.o(.ARM.Collect$$rtentry$$00000004) refers to sys_stackheap_outer.o(.text) for __user_setup_stackheap
    __rtentry4.o(.ARM.exidx) refers to __rtentry4.o(.ARM.Collect$$rtentry$$00000004) for .ARM.Collect$$rtentry$$00000004
    sys_stackheap_outer.o(.text) refers to libspace.o(.text) for __user_perproc_libspace
    sys_stackheap_outer.o(.text) refers to startup_stm32f767xx.o(.text) for __user_initial_stackheap
    exit.o(.text) refers to rtexit.o(.ARM.Collect$$rtexit$$00000000) for __rt_exit
    libinit.o(.ARM.Collect$$libinit$$00000000) refers (Special) to libinit2.o(.ARM.Collect$$libinit$$00000030) for __rt_lib_init_alloca_1
    libinit.o(.ARM.Collect$$libinit$$00000000) refers (Special) to libinit2.o(.ARM.Collect$$libinit$$0000002E) for __rt_lib_init_argv_1
    libinit.o(.ARM.Collect$$libinit$$00000000) refers (Special) to libinit2.o(.ARM.Collect$$libinit$$0000001D) for __rt_lib_init_atexit_1
    libinit.o(.ARM.Collect$$libinit$$00000000) refers (Special) to libinit2.o(.ARM.Collect$$libinit$$00000023) for __rt_lib_init_clock_1
    libinit.o(.ARM.Collect$$libinit$$00000000) refers (Special) to libinit2.o(.ARM.Collect$$libinit$$00000034) for __rt_lib_init_cpp_1
    libinit.o(.ARM.Collect$$libinit$$00000000) refers (Special) to libinit2.o(.ARM.Collect$$libinit$$00000032) for __rt_lib_init_exceptions_1
    libinit.o(.ARM.Collect$$libinit$$00000000) refers (Special) to libinit2.o(.ARM.Collect$$libinit$$00000001) for __rt_lib_init_fp_1
    libinit.o(.ARM.Collect$$libinit$$00000000) refers (Special) to libinit2.o(.ARM.Collect$$libinit$$00000021) for __rt_lib_init_fp_trap_1
    libinit.o(.ARM.Collect$$libinit$$00000000) refers (Special) to libinit2.o(.ARM.Collect$$libinit$$00000025) for __rt_lib_init_getenv_1
    libinit.o(.ARM.Collect$$libinit$$00000000) refers (Special) to libinit2.o(.ARM.Collect$$libinit$$0000000C) for __rt_lib_init_heap_1
    libinit.o(.ARM.Collect$$libinit$$00000000) refers (Special) to libinit2.o(.ARM.Collect$$libinit$$00000013) for __rt_lib_init_lc_collate_1
    libinit.o(.ARM.Collect$$libinit$$00000000) refers (Special) to libinit2.o(.ARM.Collect$$libinit$$00000015) for __rt_lib_init_lc_ctype_1
    libinit.o(.ARM.Collect$$libinit$$00000000) refers (Special) to libinit2.o(.ARM.Collect$$libinit$$00000017) for __rt_lib_init_lc_monetary_1
    libinit.o(.ARM.Collect$$libinit$$00000000) refers (Special) to libinit2.o(.ARM.Collect$$libinit$$00000019) for __rt_lib_init_lc_numeric_1
    libinit.o(.ARM.Collect$$libinit$$00000000) refers (Special) to libinit2.o(.ARM.Collect$$libinit$$0000001B) for __rt_lib_init_lc_time_1
    libinit.o(.ARM.Collect$$libinit$$00000000) refers (Special) to libinit2.o(.ARM.Collect$$libinit$$00000006) for __rt_lib_init_preinit_1
    libinit.o(.ARM.Collect$$libinit$$00000000) refers (Special) to libinit2.o(.ARM.Collect$$libinit$$00000010) for __rt_lib_init_rand_1
    libinit.o(.ARM.Collect$$libinit$$00000000) refers (Special) to libinit2.o(.ARM.Collect$$libinit$$00000004) for __rt_lib_init_relocate_pie_1
    libinit.o(.ARM.Collect$$libinit$$00000000) refers (Special) to libinit2.o(.ARM.Collect$$libinit$$00000035) for __rt_lib_init_return
    libinit.o(.ARM.Collect$$libinit$$00000000) refers (Special) to libinit2.o(.ARM.Collect$$libinit$$0000001F) for __rt_lib_init_signal_1
    libinit.o(.ARM.Collect$$libinit$$00000000) refers (Special) to libinit2.o(.ARM.Collect$$libinit$$00000027) for __rt_lib_init_stdio_1
    libinit.o(.ARM.Collect$$libinit$$00000000) refers (Special) to libinit2.o(.ARM.Collect$$libinit$$0000000E) for __rt_lib_init_user_alloc_1
    libspace.o(.text) refers to libspace.o(.bss) for __libspace_start
    rtexit.o(.ARM.Collect$$rtexit$$00000000) refers (Special) to rtexit2.o(.ARM.Collect$$rtexit$$00000004) for __rt_exit_exit
    rtexit.o(.ARM.Collect$$rtexit$$00000000) refers (Special) to rtexit2.o(.ARM.Collect$$rtexit$$00000003) for __rt_exit_ls
    rtexit.o(.ARM.Collect$$rtexit$$00000000) refers (Special) to rtexit2.o(.ARM.Collect$$rtexit$$00000002) for __rt_exit_prels_1
    rtexit.o(.ARM.exidx) refers (Special) to rtexit2.o(.ARM.Collect$$rtexit$$00000004) for __rt_exit_exit
    rtexit.o(.ARM.exidx) refers (Special) to rtexit2.o(.ARM.Collect$$rtexit$$00000003) for __rt_exit_ls
    rtexit.o(.ARM.exidx) refers (Special) to rtexit2.o(.ARM.Collect$$rtexit$$00000002) for __rt_exit_prels_1
    rtexit.o(.ARM.exidx) refers to rtexit.o(.ARM.Collect$$rtexit$$00000000) for .ARM.Collect$$rtexit$$00000000
    libinit2.o(.ARM.Collect$$libinit$$00000001) refers to fpinit.o(x$fpl$fpinit) for _fp_init
    libinit2.o(.ARM.Collect$$libinit$$00000012) refers to libinit2.o(.ARM.Collect$$libinit$$00000011) for .ARM.Collect$$libinit$$00000011
    libinit2.o(.ARM.Collect$$libinit$$00000014) refers to libinit2.o(.ARM.Collect$$libinit$$00000011) for .ARM.Collect$$libinit$$00000011
    libinit2.o(.ARM.Collect$$libinit$$00000016) refers to libinit2.o(.ARM.Collect$$libinit$$00000011) for .ARM.Collect$$libinit$$00000011
    libinit2.o(.ARM.Collect$$libinit$$00000018) refers to libinit2.o(.ARM.Collect$$libinit$$00000011) for .ARM.Collect$$libinit$$00000011
    libinit2.o(.ARM.Collect$$libinit$$0000001A) refers to libinit2.o(.ARM.Collect$$libinit$$00000011) for .ARM.Collect$$libinit$$00000011
    libinit2.o(.ARM.Collect$$libinit$$00000028) refers to argv_veneer.o(.emb_text) for __ARM_argv_veneer
    libinit2.o(.ARM.Collect$$libinit$$00000029) refers to argv_veneer.o(.emb_text) for __ARM_argv_veneer
    rtexit2.o(.ARM.Collect$$rtexit$$00000003) refers to libshutdown.o(.ARM.Collect$$libshutdown$$00000000) for __rt_lib_shutdown
    rtexit2.o(.ARM.Collect$$rtexit$$00000004) refers to sys_exit.o(.text) for _sys_exit
    rtexit2.o(.ARM.exidx) refers to rtexit2.o(.ARM.Collect$$rtexit$$00000001) for .ARM.Collect$$rtexit$$00000001
    rtexit2.o(.ARM.exidx) refers to rtexit2.o(.ARM.Collect$$rtexit$$00000003) for .ARM.Collect$$rtexit$$00000003
    rtexit2.o(.ARM.exidx) refers to rtexit2.o(.ARM.Collect$$rtexit$$00000004) for .ARM.Collect$$rtexit$$00000004
    argv_veneer.o(.emb_text) refers to no_argv.o(.text) for __ARM_get_argv
    sys_exit.o(.text) refers (Special) to use_no_semi.o(.text) for __I$use$semihosting
    sys_exit.o(.text) refers (Special) to indicate_semi.o(.text) for __semihosting_library_function
    sys_exit_hlt.o(.text) refers (Special) to use_no_semi.o(.text) for __I$use$semihosting
    sys_exit_hlt.o(.text) refers (Special) to indicate_semi.o(.text) for __semihosting_library_function
    _get_argv_nomalloc.o(.text) refers (Special) to hrguard.o(.text) for __heap_region$guard
    _get_argv_nomalloc.o(.text) refers to defsig_rtmem_outer.o(.text) for __rt_SIGRTMEM
    _get_argv_nomalloc.o(.text) refers to sys_command.o(.text) for _sys_command_string
    libshutdown.o(.ARM.Collect$$libshutdown$$00000000) refers (Special) to libshutdown2.o(.ARM.Collect$$libshutdown$$00000002) for __rt_lib_shutdown_cpp_1
    libshutdown.o(.ARM.Collect$$libshutdown$$00000000) refers (Special) to libshutdown2.o(.ARM.Collect$$libshutdown$$00000007) for __rt_lib_shutdown_fp_trap_1
    libshutdown.o(.ARM.Collect$$libshutdown$$00000000) refers (Special) to libshutdown2.o(.ARM.Collect$$libshutdown$$0000000F) for __rt_lib_shutdown_heap_1
    libshutdown.o(.ARM.Collect$$libshutdown$$00000000) refers (Special) to libshutdown2.o(.ARM.Collect$$libshutdown$$00000010) for __rt_lib_shutdown_return
    libshutdown.o(.ARM.Collect$$libshutdown$$00000000) refers (Special) to libshutdown2.o(.ARM.Collect$$libshutdown$$0000000A) for __rt_lib_shutdown_signal_1
    libshutdown.o(.ARM.Collect$$libshutdown$$00000000) refers (Special) to libshutdown2.o(.ARM.Collect$$libshutdown$$00000004) for __rt_lib_shutdown_stdio_1
    libshutdown.o(.ARM.Collect$$libshutdown$$00000000) refers (Special) to libshutdown2.o(.ARM.Collect$$libshutdown$$0000000C) for __rt_lib_shutdown_user_alloc_1
    sys_command.o(.text) refers (Special) to use_no_semi.o(.text) for __I$use$semihosting
    sys_command.o(.text) refers (Special) to indicate_semi.o(.text) for __semihosting_library_function
    sys_command_hlt.o(.text) refers (Special) to use_no_semi.o(.text) for __I$use$semihosting
    sys_command_hlt.o(.text) refers (Special) to indicate_semi.o(.text) for __semihosting_library_function
    defsig_rtmem_outer.o(.text) refers to defsig_rtmem_inner.o(.text) for __rt_SIGRTMEM_inner
    defsig_rtmem_outer.o(.text) refers to defsig_exit.o(.text) for __sig_exit
    defsig_rtmem_formal.o(.text) refers to rt_raise.o(.text) for __rt_raise
    rt_raise.o(.text) refers to __raise.o(.text) for __raise
    rt_raise.o(.text) refers to sys_exit.o(.text) for _sys_exit
    defsig_exit.o(.text) refers to sys_exit.o(.text) for _sys_exit
    defsig_rtmem_inner.o(.text) refers to defsig_general.o(.text) for __default_signal_display
    __raise.o(.text) refers to defsig.o(CL$$defsig) for __default_signal_handler
    defsig_general.o(.text) refers to sys_wrch.o(.text) for _ttywrch
    sys_wrch.o(.text) refers (Special) to use_no_semi.o(.text) for __I$use$semihosting
    sys_wrch.o(.text) refers (Special) to indicate_semi.o(.text) for __semihosting_library_function
    sys_wrch_hlt.o(.text) refers (Special) to use_no_semi.o(.text) for __I$use$semihosting
    sys_wrch_hlt.o(.text) refers (Special) to indicate_semi.o(.text) for __semihosting_library_function
    defsig.o(CL$$defsig) refers to defsig_rtmem_inner.o(.text) for __rt_SIGRTMEM_inner
    defsig_abrt_inner.o(.text) refers to defsig_general.o(.text) for __default_signal_display
    defsig_fpe_inner.o(.text) refers to defsig_general.o(.text) for __default_signal_display
    defsig_rtred_inner.o(.text) refers to defsig_general.o(.text) for __default_signal_display
    defsig_stak_inner.o(.text) refers to defsig_general.o(.text) for __default_signal_display
    defsig_pvfn_inner.o(.text) refers to defsig_general.o(.text) for __default_signal_display
    defsig_cppl_inner.o(.text) refers to defsig_general.o(.text) for __default_signal_display
    defsig_segv_inner.o(.text) refers to defsig_general.o(.text) for __default_signal_display
    defsig_other.o(.text) refers to defsig_general.o(.text) for __default_signal_display
    lcd.o(.ARM.exidx.text._Z9SetOutPinP12GPIO_TypeDeftb) refers to lcd.o(.text._Z9SetOutPinP12GPIO_TypeDeftb) for [Anonymous Symbol]


==============================================================================

Removing Unused input sections from the image.

    Removing init.o(.text), (0 bytes).
    Removing init.o(.ARM.exidx.text._Z5Delayj), (8 bytes).
    Removing init.o(.ARM.exidx.text._Z4Initv), (8 bytes).
    Removing init.o(.ARM.exidx.text._ZL16__NVIC_EnableIRQ9IRQn_Type), (8 bytes).
    Removing lcd_matriz8x8.o(.text), (0 bytes).
    Removing lcd_matriz8x8.o(.ARM.exidx.text.EXTI15_10_IRQHandler), (8 bytes).
    Removing lcd_matriz8x8.o(.ARM.exidx.text.main), (8 bytes).
    Removing lcd_matriz8x8.o(.ARM.use_no_argv), (4 bytes).
    Removing matrix8x8.o(.text), (0 bytes).
    Removing matrix8x8.o(.ARM.exidx.text._Z15prepararMensajePKc), (8 bytes).
    Removing matrix8x8.o(.ARM.exidx.text._Z16actualizarScrolli), (8 bytes).
    Removing matrix8x8.o(.ARM.exidx.text._Z17refrescarPantallav), (8 bytes).
    Removing lcd.o(.text), (0 bytes).
    Removing lcd.o(.ARM.exidx.text._Z7LCDdatah), (8 bytes).
    Removing lcd.o(.ARM.exidx.text._Z11SettingsLCDh), (8 bytes).
    Removing lcd.o(.ARM.exidx.text._Z12WriteLCDdatah), (8 bytes).
    Removing lcd.o(.ARM.exidx.text._Z12PrintDataLCDPKci), (8 bytes).
    Removing lcd.o(.ARM.exidx.text._Z17DisplayShiftRightv), (8 bytes).
    Removing lcd.o(.ARM.exidx.text._Z16DisplayShiftLeftv), (8 bytes).
    Removing lcd.o(.ARM.exidx.text._Z8LCD_Initv), (8 bytes).
    Removing system_stm32f7xx.o(.text), (0 bytes).
    Removing system_stm32f7xx.o(.ARM.exidx.text.SystemInit), (8 bytes).
    Removing system_stm32f7xx.o(.text.SystemCoreClockUpdate), (302 bytes).
    Removing system_stm32f7xx.o(.ARM.exidx.text.SystemCoreClockUpdate), (8 bytes).
    Removing system_stm32f7xx.o(.data.SystemCoreClock), (4 bytes).
    Removing system_stm32f7xx.o(.rodata.AHBPrescTable), (16 bytes).
    Removing system_stm32f7xx.o(.rodata.APBPrescTable), (8 bytes).
    Removing lcd.o(.ARM.exidx.text._Z9SetOutPinP12GPIO_TypeDeftb), (8 bytes).

28 unused section(s) (total 478 bytes) removed from the image.

==============================================================================

Image Symbol Table

    Local Symbols

    Symbol Name                              Value     Ov Type        Size  Object(Section)

    ../clib/angel/boardlib.s                 0x00000000   Number         0  boardinit1.o ABSOLUTE
    ../clib/angel/boardlib.s                 0x00000000   Number         0  boardinit2.o ABSOLUTE
    ../clib/angel/boardlib.s                 0x00000000   Number         0  boardinit3.o ABSOLUTE
    ../clib/angel/boardlib.s                 0x00000000   Number         0  boardshut.o ABSOLUTE
    ../clib/angel/handlers.s                 0x00000000   Number         0  __scatter_copy.o ABSOLUTE
    ../clib/angel/handlers.s                 0x00000000   Number         0  __scatter_zi.o ABSOLUTE
    ../clib/angel/kernel.s                   0x00000000   Number         0  __rtentry.o ABSOLUTE
    ../clib/angel/kernel.s                   0x00000000   Number         0  __rtentry2.o ABSOLUTE
    ../clib/angel/kernel.s                   0x00000000   Number         0  __rtentry4.o ABSOLUTE
    ../clib/angel/kernel.s                   0x00000000   Number         0  rtexit.o ABSOLUTE
    ../clib/angel/kernel.s                   0x00000000   Number         0  rtexit2.o ABSOLUTE
    ../clib/angel/rt.s                       0x00000000   Number         0  rt_raise.o ABSOLUTE
    ../clib/angel/scatter.s                  0x00000000   Number         0  __scatter.o ABSOLUTE
    ../clib/angel/startup.s                  0x00000000   Number         0  __main.o ABSOLUTE
    ../clib/angel/sys.s                      0x00000000   Number         0  sys_stackheap_outer.o ABSOLUTE
    ../clib/angel/sys.s                      0x00000000   Number         0  libspace.o ABSOLUTE
    ../clib/angel/sys.s                      0x00000000   Number         0  use_no_semi.o ABSOLUTE
    ../clib/angel/sys.s                      0x00000000   Number         0  indicate_semi.o ABSOLUTE
    ../clib/angel/sysapp.c                   0x00000000   Number         0  sys_exit.o ABSOLUTE
    ../clib/angel/sysapp.c                   0x00000000   Number         0  sys_exit_hlt.o ABSOLUTE
    ../clib/angel/sysapp.c                   0x00000000   Number         0  sys_command.o ABSOLUTE
    ../clib/angel/sysapp.c                   0x00000000   Number         0  sys_command_hlt.o ABSOLUTE
    ../clib/angel/sysapp.c                   0x00000000   Number         0  sys_wrch.o ABSOLUTE
    ../clib/angel/sysapp.c                   0x00000000   Number         0  sys_wrch_hlt.o ABSOLUTE
    ../clib/armsys.c                         0x00000000   Number         0  argv_veneer.o ABSOLUTE
    ../clib/armsys.c                         0x00000000   Number         0  argv_veneer.o ABSOLUTE
    ../clib/armsys.c                         0x00000000   Number         0  _get_argv_nomalloc.o ABSOLUTE
    ../clib/armsys.c                         0x00000000   Number         0  no_argv.o ABSOLUTE
    ../clib/heapalloc.c                      0x00000000   Number         0  hrguard.o ABSOLUTE
    ../clib/heapaux.c                        0x00000000   Number         0  heapauxi.o ABSOLUTE
    ../clib/libinit.s                        0x00000000   Number         0  libinit.o ABSOLUTE
    ../clib/libinit.s                        0x00000000   Number         0  libinit2.o ABSOLUTE
    ../clib/libinit.s                        0x00000000   Number         0  libshutdown.o ABSOLUTE
    ../clib/libinit.s                        0x00000000   Number         0  libshutdown2.o ABSOLUTE
    ../clib/signal.c                         0x00000000   Number         0  defsig_rtmem_outer.o ABSOLUTE
    ../clib/signal.c                         0x00000000   Number         0  defsig_rtmem_formal.o ABSOLUTE
    ../clib/signal.c                         0x00000000   Number         0  defsig_exit.o ABSOLUTE
    ../clib/signal.c                         0x00000000   Number         0  defsig_rtmem_inner.o ABSOLUTE
    ../clib/signal.c                         0x00000000   Number         0  __raise.o ABSOLUTE
    ../clib/signal.c                         0x00000000   Number         0  defsig_general.o ABSOLUTE
    ../clib/signal.c                         0x00000000   Number         0  defsig_abrt_inner.o ABSOLUTE
    ../clib/signal.c                         0x00000000   Number         0  defsig_fpe_inner.o ABSOLUTE
    ../clib/signal.c                         0x00000000   Number         0  defsig_rtred_inner.o ABSOLUTE
    ../clib/signal.c                         0x00000000   Number         0  defsig_stak_inner.o ABSOLUTE
    ../clib/signal.c                         0x00000000   Number         0  defsig_pvfn_inner.o ABSOLUTE
    ../clib/signal.c                         0x00000000   Number         0  defsig_cppl_inner.o ABSOLUTE
    ../clib/signal.c                         0x00000000   Number         0  defsig_segv_inner.o ABSOLUTE
    ../clib/signal.c                         0x00000000   Number         0  defsig_other.o ABSOLUTE
    ../clib/signal.s                         0x00000000   Number         0  defsig.o ABSOLUTE
    ../clib/stdlib.c                         0x00000000   Number         0  exit.o ABSOLUTE
    ../clib/string.c                         0x00000000   Number         0  strlen.o ABSOLUTE
    ../fplib/fpinit.s                        0x00000000   Number         0  fpinit.o ABSOLUTE
    LCD.cpp                                  0x00000000   Number         0  lcd.o ABSOLUTE
    LCD_Matriz8x8.cpp                        0x00000000   Number         0  lcd_matriz8x8.o ABSOLUTE
    Matrix8x8.cpp                            0x00000000   Number         0  matrix8x8.o ABSOLUTE
    RTE/Device/STM32F767ZITx/startup_stm32f767xx.s 0x00000000   Number         0  startup_stm32f767xx.o ABSOLUTE
    dc.s                                     0x00000000   Number         0  dc.o ABSOLUTE
    init.cpp                                 0x00000000   Number         0  init.o ABSOLUTE
    system_stm32f7xx.c                       0x00000000   Number         0  system_stm32f7xx.o ABSOLUTE
    RESET                                    0x08000000   Section      504  startup_stm32f767xx.o(RESET)
    !!!main                                  0x080001f8   Section        8  __main.o(!!!main)
    !!!scatter                               0x08000200   Section       92  __scatter.o(!!!scatter)
    !!handler_copy                           0x0800025c   Section       26  __scatter_copy.o(!!handler_copy)
    !!handler_null                           0x08000278   Section        2  __scatter.o(!!handler_null)
    !!handler_zi                             0x0800027c   Section       28  __scatter_zi.o(!!handler_zi)
    .ARM.Collect$$libinit$$00000000          0x08000298   Section        2  libinit.o(.ARM.Collect$$libinit$$00000000)
    .ARM.Collect$$libinit$$00000001          0x0800029a   Section        4  libinit2.o(.ARM.Collect$$libinit$$00000001)
    .ARM.Collect$$libinit$$00000004          0x0800029e   Section        0  libinit2.o(.ARM.Collect$$libinit$$00000004)
    .ARM.Collect$$libinit$$00000006          0x0800029e   Section        0  libinit2.o(.ARM.Collect$$libinit$$00000006)
    .ARM.Collect$$libinit$$0000000C          0x0800029e   Section        0  libinit2.o(.ARM.Collect$$libinit$$0000000C)
    .ARM.Collect$$libinit$$0000000E          0x0800029e   Section        0  libinit2.o(.ARM.Collect$$libinit$$0000000E)
    .ARM.Collect$$libinit$$00000010          0x0800029e   Section        0  libinit2.o(.ARM.Collect$$libinit$$00000010)
    .ARM.Collect$$libinit$$00000013          0x0800029e   Section        0  libinit2.o(.ARM.Collect$$libinit$$00000013)
    .ARM.Collect$$libinit$$00000015          0x0800029e   Section        0  libinit2.o(.ARM.Collect$$libinit$$00000015)
    .ARM.Collect$$libinit$$00000017          0x0800029e   Section        0  libinit2.o(.ARM.Collect$$libinit$$00000017)
    .ARM.Collect$$libinit$$00000019          0x0800029e   Section        0  libinit2.o(.ARM.Collect$$libinit$$00000019)
    .ARM.Collect$$libinit$$0000001B          0x0800029e   Section        0  libinit2.o(.ARM.Collect$$libinit$$0000001B)
    .ARM.Collect$$libinit$$0000001D          0x0800029e   Section        0  libinit2.o(.ARM.Collect$$libinit$$0000001D)
    .ARM.Collect$$libinit$$0000001F          0x0800029e   Section        0  libinit2.o(.ARM.Collect$$libinit$$0000001F)
    .ARM.Collect$$libinit$$00000021          0x0800029e   Section        0  libinit2.o(.ARM.Collect$$libinit$$00000021)
    .ARM.Collect$$libinit$$00000023          0x0800029e   Section        0  libinit2.o(.ARM.Collect$$libinit$$00000023)
    .ARM.Collect$$libinit$$00000025          0x0800029e   Section        0  libinit2.o(.ARM.Collect$$libinit$$00000025)
    .ARM.Collect$$libinit$$00000027          0x0800029e   Section        0  libinit2.o(.ARM.Collect$$libinit$$00000027)
    .ARM.Collect$$libinit$$0000002E          0x0800029e   Section        0  libinit2.o(.ARM.Collect$$libinit$$0000002E)
    .ARM.Collect$$libinit$$00000030          0x0800029e   Section        0  libinit2.o(.ARM.Collect$$libinit$$00000030)
    .ARM.Collect$$libinit$$00000032          0x0800029e   Section        0  libinit2.o(.ARM.Collect$$libinit$$00000032)
    .ARM.Collect$$libinit$$00000034          0x0800029e   Section        0  libinit2.o(.ARM.Collect$$libinit$$00000034)
    .ARM.Collect$$libinit$$00000035          0x0800029e   Section        2  libinit2.o(.ARM.Collect$$libinit$$00000035)
    .ARM.Collect$$libshutdown$$00000000      0x080002a0   Section        2  libshutdown.o(.ARM.Collect$$libshutdown$$00000000)
    .ARM.Collect$$libshutdown$$00000002      0x080002a2   Section        0  libshutdown2.o(.ARM.Collect$$libshutdown$$00000002)
    .ARM.Collect$$libshutdown$$00000004      0x080002a2   Section        0  libshutdown2.o(.ARM.Collect$$libshutdown$$00000004)
    .ARM.Collect$$libshutdown$$00000007      0x080002a2   Section        0  libshutdown2.o(.ARM.Collect$$libshutdown$$00000007)
    .ARM.Collect$$libshutdown$$0000000A      0x080002a2   Section        0  libshutdown2.o(.ARM.Collect$$libshutdown$$0000000A)
    .ARM.Collect$$libshutdown$$0000000C      0x080002a2   Section        0  libshutdown2.o(.ARM.Collect$$libshutdown$$0000000C)
    .ARM.Collect$$libshutdown$$0000000F      0x080002a2   Section        0  libshutdown2.o(.ARM.Collect$$libshutdown$$0000000F)
    .ARM.Collect$$libshutdown$$00000010      0x080002a2   Section        2  libshutdown2.o(.ARM.Collect$$libshutdown$$00000010)
    .ARM.Collect$$rtentry$$00000000          0x080002a4   Section        0  __rtentry.o(.ARM.Collect$$rtentry$$00000000)
    .ARM.Collect$$rtentry$$00000002          0x080002a4   Section        0  __rtentry2.o(.ARM.Collect$$rtentry$$00000002)
    .ARM.Collect$$rtentry$$00000004          0x080002a4   Section        6  __rtentry4.o(.ARM.Collect$$rtentry$$00000004)
    .ARM.Collect$$rtentry$$00000009          0x080002aa   Section        0  __rtentry2.o(.ARM.Collect$$rtentry$$00000009)
    .ARM.Collect$$rtentry$$0000000A          0x080002aa   Section        4  __rtentry2.o(.ARM.Collect$$rtentry$$0000000A)
    .ARM.Collect$$rtentry$$0000000C          0x080002ae   Section        0  __rtentry2.o(.ARM.Collect$$rtentry$$0000000C)
    .ARM.Collect$$rtentry$$0000000D          0x080002ae   Section        8  __rtentry2.o(.ARM.Collect$$rtentry$$0000000D)
    .ARM.Collect$$rtexit$$00000000           0x080002b6   Section        2  rtexit.o(.ARM.Collect$$rtexit$$00000000)
    .ARM.Collect$$rtexit$$00000002           0x080002b8   Section        0  rtexit2.o(.ARM.Collect$$rtexit$$00000002)
    .ARM.Collect$$rtexit$$00000003           0x080002b8   Section        4  rtexit2.o(.ARM.Collect$$rtexit$$00000003)
    .ARM.Collect$$rtexit$$00000004           0x080002bc   Section        6  rtexit2.o(.ARM.Collect$$rtexit$$00000004)
    $v0                                      0x080002c4   Number         0  startup_stm32f767xx.o(.text)
    .text                                    0x080002c4   Section       64  startup_stm32f767xx.o(.text)
    .text                                    0x08000304   Section        0  strlen.o(.text)
    .text                                    0x08000342   Section        0  heapauxi.o(.text)
    .text                                    0x08000348   Section       74  sys_stackheap_outer.o(.text)
    .text                                    0x08000392   Section        0  exit.o(.text)
    .text                                    0x080003a4   Section        8  libspace.o(.text)
    .text                                    0x080003ac   Section        0  sys_exit.o(.text)
    .text                                    0x080003b8   Section        2  use_no_semi.o(.text)
    .text                                    0x080003ba   Section        0  indicate_semi.o(.text)
    [Anonymous Symbol]                       0x080003c0   Section        0  lcd_matriz8x8.o(.text.EXTI15_10_IRQHandler)
    [Anonymous Symbol]                       0x080004c0   Section        0  system_stm32f7xx.o(.text.SystemInit)
    [Anonymous Symbol]                       0x080004d8   Section        0  lcd.o(.text._Z11SettingsLCDh)
    [Anonymous Symbol]                       0x08000510   Section        0  lcd.o(.text._Z12PrintDataLCDPKci)
    [Anonymous Symbol]                       0x08000558   Section        0  lcd.o(.text._Z12WriteLCDdatah)
    [Anonymous Symbol]                       0x08000590   Section        0  matrix8x8.o(.text._Z15prepararMensajePKc)
    [Anonymous Symbol]                       0x08000678   Section        0  lcd.o(.text._Z16DisplayShiftLeftv)
    [Anonymous Symbol]                       0x080006a8   Section        0  matrix8x8.o(.text._Z16actualizarScrolli)
    [Anonymous Symbol]                       0x08000718   Section        0  lcd.o(.text._Z17DisplayShiftRightv)
    [Anonymous Symbol]                       0x08000748   Section        0  matrix8x8.o(.text._Z17refrescarPantallav)
    [Anonymous Symbol]                       0x08000df8   Section        0  init.o(.text._Z4Initv)
    [Anonymous Symbol]                       0x08001018   Section        0  init.o(.text._Z5Delayj)
    [Anonymous Symbol]                       0x08001040   Section        0  lcd.o(.text._Z7LCDdatah)
    [Anonymous Symbol]                       0x08001110   Section        0  lcd.o(.text._Z8LCD_Initv)
    [Anonymous Symbol]                       0x08001178   Section        0  lcd.o(.text._Z9SetOutPinP12GPIO_TypeDeftb)
    __NVIC_EnableIRQ(IRQn_Type)              0x080011b9   Thumb Code    48  init.o(.text._ZL16__NVIC_EnableIRQ9IRQn_Type)
    [Anonymous Symbol]                       0x080011b8   Section        0  init.o(.text._ZL16__NVIC_EnableIRQ9IRQn_Type)
    [Anonymous Symbol]                       0x080011e8   Section        0  lcd_matriz8x8.o(.text.main)
    $v0                                      0x08001264   Number         0  fpinit.o(x$fpl$fpinit)
    x$fpl$fpinit                             0x08001264   Section       26  fpinit.o(x$fpl$fpinit)
    Fuente4x8                                0x0800127e   Data         861  matrix8x8.o(.rodata._ZL9Fuente4x8)
    [Anonymous Symbol]                       0x0800127e   Section        0  matrix8x8.o(.rodata._ZL9Fuente4x8)
    .L.str.2                                 0x080015db   Data          10  lcd_matriz8x8.o(.rodata.str1.1)
    [Anonymous Symbol]                       0x080015db   Section        0  lcd_matriz8x8.o(.rodata.str1.1)
    .L.str.1                                 0x080015e5   Data           9  lcd_matriz8x8.o(.rodata.str1.1)
    .L.str                                   0x080015ee   Data          14  lcd_matriz8x8.o(.rodata.str1.1)
    .L.str.3                                 0x080015fc   Data           9  lcd_matriz8x8.o(.rodata.str1.1)
    .bss                                     0x20000008   Section       96  libspace.o(.bss)
    Heap_Mem                                 0x20000150   Data         512  startup_stm32f767xx.o(HEAP)
    HEAP                                     0x20000150   Section      512  startup_stm32f767xx.o(HEAP)
    Stack_Mem                                0x20000350   Data        1024  startup_stm32f767xx.o(STACK)
    STACK                                    0x20000350   Section     1024  startup_stm32f767xx.o(STACK)
    __initial_sp                             0x20000750   Data           0  startup_stm32f767xx.o(STACK)

    Global Symbols

    Symbol Name                              Value     Ov Type        Size  Object(Section)

    BuildAttributes$$THM_ISAv4$E$P$D$K$B$S$7EM$VFPv5_D16$PE$PLD8$A:L22UL41UL21$X:L11$S22US41US21$IEEE1$IW$~IW$USESV6$~STKCKD$USESV7$~SHL$OSPACE$ROPI$EBA8$UX$STANDARDLIB$REQ8$PRES8$EABIv2 0x00000000   Number         0  anon$$obj.o ABSOLUTE
    __ARM_exceptions_init                     - Undefined Weak Reference
    __alloca_initialize                       - Undefined Weak Reference
    __arm_preinit_                            - Undefined Weak Reference
    __arm_relocate_pie_                       - Undefined Weak Reference
    __cpp_initialize__aeabi_                  - Undefined Weak Reference
    __cxa_finalize                            - Undefined Weak Reference
    __rt_locale                               - Undefined Weak Reference
    __sigvec_lookup                           - Undefined Weak Reference
    _atexit_init                              - Undefined Weak Reference
    _call_atexit_fns                          - Undefined Weak Reference
    _clock_init                               - Undefined Weak Reference
    _fp_trap_init                             - Undefined Weak Reference
    _fp_trap_shutdown                         - Undefined Weak Reference
    _get_lc_collate                           - Undefined Weak Reference
    _get_lc_ctype                             - Undefined Weak Reference
    _get_lc_monetary                          - Undefined Weak Reference
    _get_lc_numeric                           - Undefined Weak Reference
    _get_lc_time                              - Undefined Weak Reference
    _getenv_init                              - Undefined Weak Reference
    _handle_redirection                       - Undefined Weak Reference
    _init_alloc                               - Undefined Weak Reference
    _init_user_alloc                          - Undefined Weak Reference
    _initio                                   - Undefined Weak Reference
    _rand_init                                - Undefined Weak Reference
    _signal_finish                            - Undefined Weak Reference
    _signal_init                              - Undefined Weak Reference
    _terminate_alloc                          - Undefined Weak Reference
    _terminate_user_alloc                     - Undefined Weak Reference
    _terminateio                              - Undefined Weak Reference
    __Vectors_Size                           0x000001f8   Number         0  startup_stm32f767xx.o ABSOLUTE
    __Vectors                                0x08000000   Data           4  startup_stm32f767xx.o(RESET)
    __Vectors_End                            0x080001f8   Data           0  startup_stm32f767xx.o(RESET)
    __main                                   0x080001f9   Thumb Code     8  __main.o(!!!main)
    __scatterload                            0x08000201   Thumb Code     0  __scatter.o(!!!scatter)
    __scatterload_rt2                        0x08000201   Thumb Code    84  __scatter.o(!!!scatter)
    __scatterload_rt2_thumb_only             0x08000201   Thumb Code     0  __scatter.o(!!!scatter)
    __scatterload_loop                       0x0800020b   Thumb Code     0  __scatter.o(!!!scatter)
    __scatterload_copy                       0x0800025d   Thumb Code    26  __scatter_copy.o(!!handler_copy)
    __scatterload_null                       0x08000279   Thumb Code     2  __scatter.o(!!handler_null)
    __scatterload_zeroinit                   0x0800027d   Thumb Code    28  __scatter_zi.o(!!handler_zi)
    __rt_lib_init                            0x08000299   Thumb Code     0  libinit.o(.ARM.Collect$$libinit$$00000000)
    __rt_lib_init_fp_1                       0x0800029b   Thumb Code     0  libinit2.o(.ARM.Collect$$libinit$$00000001)
    __rt_lib_init_alloca_1                   0x0800029f   Thumb Code     0  libinit2.o(.ARM.Collect$$libinit$$00000030)
    __rt_lib_init_argv_1                     0x0800029f   Thumb Code     0  libinit2.o(.ARM.Collect$$libinit$$0000002E)
    __rt_lib_init_atexit_1                   0x0800029f   Thumb Code     0  libinit2.o(.ARM.Collect$$libinit$$0000001D)
    __rt_lib_init_clock_1                    0x0800029f   Thumb Code     0  libinit2.o(.ARM.Collect$$libinit$$00000023)
    __rt_lib_init_cpp_1                      0x0800029f   Thumb Code     0  libinit2.o(.ARM.Collect$$libinit$$00000034)
    __rt_lib_init_exceptions_1               0x0800029f   Thumb Code     0  libinit2.o(.ARM.Collect$$libinit$$00000032)
    __rt_lib_init_fp_trap_1                  0x0800029f   Thumb Code     0  libinit2.o(.ARM.Collect$$libinit$$00000021)
    __rt_lib_init_getenv_1                   0x0800029f   Thumb Code     0  libinit2.o(.ARM.Collect$$libinit$$00000025)
    __rt_lib_init_heap_1                     0x0800029f   Thumb Code     0  libinit2.o(.ARM.Collect$$libinit$$0000000C)
    __rt_lib_init_lc_collate_1               0x0800029f   Thumb Code     0  libinit2.o(.ARM.Collect$$libinit$$00000013)
    __rt_lib_init_lc_ctype_1                 0x0800029f   Thumb Code     0  libinit2.o(.ARM.Collect$$libinit$$00000015)
    __rt_lib_init_lc_monetary_1              0x0800029f   Thumb Code     0  libinit2.o(.ARM.Collect$$libinit$$00000017)
    __rt_lib_init_lc_numeric_1               0x0800029f   Thumb Code     0  libinit2.o(.ARM.Collect$$libinit$$00000019)
    __rt_lib_init_lc_time_1                  0x0800029f   Thumb Code     0  libinit2.o(.ARM.Collect$$libinit$$0000001B)
    __rt_lib_init_preinit_1                  0x0800029f   Thumb Code     0  libinit2.o(.ARM.Collect$$libinit$$00000006)
    __rt_lib_init_rand_1                     0x0800029f   Thumb Code     0  libinit2.o(.ARM.Collect$$libinit$$00000010)
    __rt_lib_init_relocate_pie_1             0x0800029f   Thumb Code     0  libinit2.o(.ARM.Collect$$libinit$$00000004)
    __rt_lib_init_return                     0x0800029f   Thumb Code     0  libinit2.o(.ARM.Collect$$libinit$$00000035)
    __rt_lib_init_signal_1                   0x0800029f   Thumb Code     0  libinit2.o(.ARM.Collect$$libinit$$0000001F)
    __rt_lib_init_stdio_1                    0x0800029f   Thumb Code     0  libinit2.o(.ARM.Collect$$libinit$$00000027)
    __rt_lib_init_user_alloc_1               0x0800029f   Thumb Code     0  libinit2.o(.ARM.Collect$$libinit$$0000000E)
    __rt_lib_shutdown                        0x080002a1   Thumb Code     0  libshutdown.o(.ARM.Collect$$libshutdown$$00000000)
    __rt_lib_shutdown_cpp_1                  0x080002a3   Thumb Code     0  libshutdown2.o(.ARM.Collect$$libshutdown$$00000002)
    __rt_lib_shutdown_fp_trap_1              0x080002a3   Thumb Code     0  libshutdown2.o(.ARM.Collect$$libshutdown$$00000007)
    __rt_lib_shutdown_heap_1                 0x080002a3   Thumb Code     0  libshutdown2.o(.ARM.Collect$$libshutdown$$0000000F)
    __rt_lib_shutdown_return                 0x080002a3   Thumb Code     0  libshutdown2.o(.ARM.Collect$$libshutdown$$00000010)
    __rt_lib_shutdown_signal_1               0x080002a3   Thumb Code     0  libshutdown2.o(.ARM.Collect$$libshutdown$$0000000A)
    __rt_lib_shutdown_stdio_1                0x080002a3   Thumb Code     0  libshutdown2.o(.ARM.Collect$$libshutdown$$00000004)
    __rt_lib_shutdown_user_alloc_1           0x080002a3   Thumb Code     0  libshutdown2.o(.ARM.Collect$$libshutdown$$0000000C)
    __rt_entry                               0x080002a5   Thumb Code     0  __rtentry.o(.ARM.Collect$$rtentry$$00000000)
    __rt_entry_presh_1                       0x080002a5   Thumb Code     0  __rtentry2.o(.ARM.Collect$$rtentry$$00000002)
    __rt_entry_sh                            0x080002a5   Thumb Code     0  __rtentry4.o(.ARM.Collect$$rtentry$$00000004)
    __rt_entry_li                            0x080002ab   Thumb Code     0  __rtentry2.o(.ARM.Collect$$rtentry$$0000000A)
    __rt_entry_postsh_1                      0x080002ab   Thumb Code     0  __rtentry2.o(.ARM.Collect$$rtentry$$00000009)
    __rt_entry_main                          0x080002af   Thumb Code     0  __rtentry2.o(.ARM.Collect$$rtentry$$0000000D)
    __rt_entry_postli_1                      0x080002af   Thumb Code     0  __rtentry2.o(.ARM.Collect$$rtentry$$0000000C)
    __rt_exit                                0x080002b7   Thumb Code     0  rtexit.o(.ARM.Collect$$rtexit$$00000000)
    __rt_exit_ls                             0x080002b9   Thumb Code     0  rtexit2.o(.ARM.Collect$$rtexit$$00000003)
    __rt_exit_prels_1                        0x080002b9   Thumb Code     0  rtexit2.o(.ARM.Collect$$rtexit$$00000002)
    __rt_exit_exit                           0x080002bd   Thumb Code     0  rtexit2.o(.ARM.Collect$$rtexit$$00000004)
    Reset_Handler                            0x080002c5   Thumb Code     8  startup_stm32f767xx.o(.text)
    NMI_Handler                              0x080002cd   Thumb Code     2  startup_stm32f767xx.o(.text)
    HardFault_Handler                        0x080002cf   Thumb Code     2  startup_stm32f767xx.o(.text)
    MemManage_Handler                        0x080002d1   Thumb Code     2  startup_stm32f767xx.o(.text)
    BusFault_Handler                         0x080002d3   Thumb Code     2  startup_stm32f767xx.o(.text)
    UsageFault_Handler                       0x080002d5   Thumb Code     2  startup_stm32f767xx.o(.text)
    SVC_Handler                              0x080002d7   Thumb Code     2  startup_stm32f767xx.o(.text)
    DebugMon_Handler                         0x080002d9   Thumb Code     2  startup_stm32f767xx.o(.text)
    PendSV_Handler                           0x080002db   Thumb Code     2  startup_stm32f767xx.o(.text)
    SysTick_Handler                          0x080002dd   Thumb Code     2  startup_stm32f767xx.o(.text)
    ADC_IRQHandler                           0x080002df   Thumb Code     0  startup_stm32f767xx.o(.text)
    CAN1_RX0_IRQHandler                      0x080002df   Thumb Code     0  startup_stm32f767xx.o(.text)
    CAN1_RX1_IRQHandler                      0x080002df   Thumb Code     0  startup_stm32f767xx.o(.text)
    CAN1_SCE_IRQHandler                      0x080002df   Thumb Code     0  startup_stm32f767xx.o(.text)
    CAN1_TX_IRQHandler                       0x080002df   Thumb Code     0  startup_stm32f767xx.o(.text)
    CAN2_RX0_IRQHandler                      0x080002df   Thumb Code     0  startup_stm32f767xx.o(.text)
    CAN2_RX1_IRQHandler                      0x080002df   Thumb Code     0  startup_stm32f767xx.o(.text)
    CAN2_SCE_IRQHandler                      0x080002df   Thumb Code     0  startup_stm32f767xx.o(.text)
    CAN2_TX_IRQHandler                       0x080002df   Thumb Code     0  startup_stm32f767xx.o(.text)
    CAN3_RX0_IRQHandler                      0x080002df   Thumb Code     0  startup_stm32f767xx.o(.text)
    CAN3_RX1_IRQHandler                      0x080002df   Thumb Code     0  startup_stm32f767xx.o(.text)
    CAN3_SCE_IRQHandler                      0x080002df   Thumb Code     0  startup_stm32f767xx.o(.text)
    CAN3_TX_IRQHandler                       0x080002df   Thumb Code     0  startup_stm32f767xx.o(.text)
    CEC_IRQHandler                           0x080002df   Thumb Code     0  startup_stm32f767xx.o(.text)
    DCMI_IRQHandler                          0x080002df   Thumb Code     0  startup_stm32f767xx.o(.text)
    DFSDM1_FLT0_IRQHandler                   0x080002df   Thumb Code     0  startup_stm32f767xx.o(.text)
    DFSDM1_FLT1_IRQHandler                   0x080002df   Thumb Code     0  startup_stm32f767xx.o(.text)
    DFSDM1_FLT2_IRQHandler                   0x080002df   Thumb Code     0  startup_stm32f767xx.o(.text)
    DFSDM1_FLT3_IRQHandler                   0x080002df   Thumb Code     0  startup_stm32f767xx.o(.text)
    DMA1_Stream0_IRQHandler                  0x080002df   Thumb Code     0  startup_stm32f767xx.o(.text)
    DMA1_Stream1_IRQHandler                  0x080002df   Thumb Code     0  startup_stm32f767xx.o(.text)
    DMA1_Stream2_IRQHandler                  0x080002df   Thumb Code     0  startup_stm32f767xx.o(.text)
    DMA1_Stream3_IRQHandler                  0x080002df   Thumb Code     0  startup_stm32f767xx.o(.text)
    DMA1_Stream4_IRQHandler                  0x080002df   Thumb Code     0  startup_stm32f767xx.o(.text)
    DMA1_Stream5_IRQHandler                  0x080002df   Thumb Code     0  startup_stm32f767xx.o(.text)
    DMA1_Stream6_IRQHandler                  0x080002df   Thumb Code     0  startup_stm32f767xx.o(.text)
    DMA1_Stream7_IRQHandler                  0x080002df   Thumb Code     0  startup_stm32f767xx.o(.text)
    DMA2D_IRQHandler                         0x080002df   Thumb Code     0  startup_stm32f767xx.o(.text)
    DMA2_Stream0_IRQHandler                  0x080002df   Thumb Code     0  startup_stm32f767xx.o(.text)
    DMA2_Stream1_IRQHandler                  0x080002df   Thumb Code     0  startup_stm32f767xx.o(.text)
    DMA2_Stream2_IRQHandler                  0x080002df   Thumb Code     0  startup_stm32f767xx.o(.text)
    DMA2_Stream3_IRQHandler                  0x080002df   Thumb Code     0  startup_stm32f767xx.o(.text)
    DMA2_Stream4_IRQHandler                  0x080002df   Thumb Code     0  startup_stm32f767xx.o(.text)
    DMA2_Stream5_IRQHandler                  0x080002df   Thumb Code     0  startup_stm32f767xx.o(.text)
    DMA2_Stream6_IRQHandler                  0x080002df   Thumb Code     0  startup_stm32f767xx.o(.text)
    DMA2_Stream7_IRQHandler                  0x080002df   Thumb Code     0  startup_stm32f767xx.o(.text)
    ETH_IRQHandler                           0x080002df   Thumb Code     0  startup_stm32f767xx.o(.text)
    ETH_WKUP_IRQHandler                      0x080002df   Thumb Code     0  startup_stm32f767xx.o(.text)
    EXTI0_IRQHandler                         0x080002df   Thumb Code     0  startup_stm32f767xx.o(.text)
    EXTI1_IRQHandler                         0x080002df   Thumb Code     0  startup_stm32f767xx.o(.text)
    EXTI2_IRQHandler                         0x080002df   Thumb Code     0  startup_stm32f767xx.o(.text)
    EXTI3_IRQHandler                         0x080002df   Thumb Code     0  startup_stm32f767xx.o(.text)
    EXTI4_IRQHandler                         0x080002df   Thumb Code     0  startup_stm32f767xx.o(.text)
    EXTI9_5_IRQHandler                       0x080002df   Thumb Code     0  startup_stm32f767xx.o(.text)
    FLASH_IRQHandler                         0x080002df   Thumb Code     0  startup_stm32f767xx.o(.text)
    FMC_IRQHandler                           0x080002df   Thumb Code     0  startup_stm32f767xx.o(.text)
    FPU_IRQHandler                           0x080002df   Thumb Code     0  startup_stm32f767xx.o(.text)
    I2C1_ER_IRQHandler                       0x080002df   Thumb Code     0  startup_stm32f767xx.o(.text)
    I2C1_EV_IRQHandler                       0x080002df   Thumb Code     0  startup_stm32f767xx.o(.text)
    I2C2_ER_IRQHandler                       0x080002df   Thumb Code     0  startup_stm32f767xx.o(.text)
    I2C2_EV_IRQHandler                       0x080002df   Thumb Code     0  startup_stm32f767xx.o(.text)
    I2C3_ER_IRQHandler                       0x080002df   Thumb Code     0  startup_stm32f767xx.o(.text)
    I2C3_EV_IRQHandler                       0x080002df   Thumb Code     0  startup_stm32f767xx.o(.text)
    I2C4_ER_IRQHandler                       0x080002df   Thumb Code     0  startup_stm32f767xx.o(.text)
    I2C4_EV_IRQHandler                       0x080002df   Thumb Code     0  startup_stm32f767xx.o(.text)
    JPEG_IRQHandler                          0x080002df   Thumb Code     0  startup_stm32f767xx.o(.text)
    LPTIM1_IRQHandler                        0x080002df   Thumb Code     0  startup_stm32f767xx.o(.text)
    LTDC_ER_IRQHandler                       0x080002df   Thumb Code     0  startup_stm32f767xx.o(.text)
    LTDC_IRQHandler                          0x080002df   Thumb Code     0  startup_stm32f767xx.o(.text)
    MDIOS_IRQHandler                         0x080002df   Thumb Code     0  startup_stm32f767xx.o(.text)
    OTG_FS_IRQHandler                        0x080002df   Thumb Code     0  startup_stm32f767xx.o(.text)
    OTG_FS_WKUP_IRQHandler                   0x080002df   Thumb Code     0  startup_stm32f767xx.o(.text)
    OTG_HS_EP1_IN_IRQHandler                 0x080002df   Thumb Code     0  startup_stm32f767xx.o(.text)
    OTG_HS_EP1_OUT_IRQHandler                0x080002df   Thumb Code     0  startup_stm32f767xx.o(.text)
    OTG_HS_IRQHandler                        0x080002df   Thumb Code     0  startup_stm32f767xx.o(.text)
    OTG_HS_WKUP_IRQHandler                   0x080002df   Thumb Code     0  startup_stm32f767xx.o(.text)
    PVD_IRQHandler                           0x080002df   Thumb Code     0  startup_stm32f767xx.o(.text)
    QUADSPI_IRQHandler                       0x080002df   Thumb Code     0  startup_stm32f767xx.o(.text)
    RCC_IRQHandler                           0x080002df   Thumb Code     0  startup_stm32f767xx.o(.text)
    RNG_IRQHandler                           0x080002df   Thumb Code     0  startup_stm32f767xx.o(.text)
    RTC_Alarm_IRQHandler                     0x080002df   Thumb Code     0  startup_stm32f767xx.o(.text)
    RTC_WKUP_IRQHandler                      0x080002df   Thumb Code     0  startup_stm32f767xx.o(.text)
    SAI1_IRQHandler                          0x080002df   Thumb Code     0  startup_stm32f767xx.o(.text)
    SAI2_IRQHandler                          0x080002df   Thumb Code     0  startup_stm32f767xx.o(.text)
    SDMMC1_IRQHandler                        0x080002df   Thumb Code     0  startup_stm32f767xx.o(.text)
    SDMMC2_IRQHandler                        0x080002df   Thumb Code     0  startup_stm32f767xx.o(.text)
    SPDIF_RX_IRQHandler                      0x080002df   Thumb Code     0  startup_stm32f767xx.o(.text)
    SPI1_IRQHandler                          0x080002df   Thumb Code     0  startup_stm32f767xx.o(.text)
    SPI2_IRQHandler                          0x080002df   Thumb Code     0  startup_stm32f767xx.o(.text)
    SPI3_IRQHandler                          0x080002df   Thumb Code     0  startup_stm32f767xx.o(.text)
    SPI4_IRQHandler                          0x080002df   Thumb Code     0  startup_stm32f767xx.o(.text)
    SPI5_IRQHandler                          0x080002df   Thumb Code     0  startup_stm32f767xx.o(.text)
    SPI6_IRQHandler                          0x080002df   Thumb Code     0  startup_stm32f767xx.o(.text)
    TAMP_STAMP_IRQHandler                    0x080002df   Thumb Code     0  startup_stm32f767xx.o(.text)
    TIM1_BRK_TIM9_IRQHandler                 0x080002df   Thumb Code     0  startup_stm32f767xx.o(.text)
    TIM1_CC_IRQHandler                       0x080002df   Thumb Code     0  startup_stm32f767xx.o(.text)
    TIM1_TRG_COM_TIM11_IRQHandler            0x080002df   Thumb Code     0  startup_stm32f767xx.o(.text)
    TIM1_UP_TIM10_IRQHandler                 0x080002df   Thumb Code     0  startup_stm32f767xx.o(.text)
    TIM2_IRQHandler                          0x080002df   Thumb Code     0  startup_stm32f767xx.o(.text)
    TIM3_IRQHandler                          0x080002df   Thumb Code     0  startup_stm32f767xx.o(.text)
    TIM4_IRQHandler                          0x080002df   Thumb Code     0  startup_stm32f767xx.o(.text)
    TIM5_IRQHandler                          0x080002df   Thumb Code     0  startup_stm32f767xx.o(.text)
    TIM6_DAC_IRQHandler                      0x080002df   Thumb Code     0  startup_stm32f767xx.o(.text)
    TIM7_IRQHandler                          0x080002df   Thumb Code     0  startup_stm32f767xx.o(.text)
    TIM8_BRK_TIM12_IRQHandler                0x080002df   Thumb Code     0  startup_stm32f767xx.o(.text)
    TIM8_CC_IRQHandler                       0x080002df   Thumb Code     0  startup_stm32f767xx.o(.text)
    TIM8_TRG_COM_TIM14_IRQHandler            0x080002df   Thumb Code     0  startup_stm32f767xx.o(.text)
    TIM8_UP_TIM13_IRQHandler                 0x080002df   Thumb Code     0  startup_stm32f767xx.o(.text)
    UART4_IRQHandler                         0x080002df   Thumb Code     0  startup_stm32f767xx.o(.text)
    UART5_IRQHandler                         0x080002df   Thumb Code     0  startup_stm32f767xx.o(.text)
    UART7_IRQHandler                         0x080002df   Thumb Code     0  startup_stm32f767xx.o(.text)
    UART8_IRQHandler                         0x080002df   Thumb Code     0  startup_stm32f767xx.o(.text)
    USART1_IRQHandler                        0x080002df   Thumb Code     0  startup_stm32f767xx.o(.text)
    USART2_IRQHandler                        0x080002df   Thumb Code     0  startup_stm32f767xx.o(.text)
    USART3_IRQHandler                        0x080002df   Thumb Code     0  startup_stm32f767xx.o(.text)
    USART6_IRQHandler                        0x080002df   Thumb Code     0  startup_stm32f767xx.o(.text)
    WWDG_IRQHandler                          0x080002df   Thumb Code     0  startup_stm32f767xx.o(.text)
    __user_initial_stackheap                 0x080002e1   Thumb Code     0  startup_stm32f767xx.o(.text)
    strlen                                   0x08000305   Thumb Code    62  strlen.o(.text)
    __use_two_region_memory                  0x08000343   Thumb Code     2  heapauxi.o(.text)
    __rt_heap_escrow$2region                 0x08000345   Thumb Code     2  heapauxi.o(.text)
    __rt_heap_expand$2region                 0x08000347   Thumb Code     2  heapauxi.o(.text)
    __user_setup_stackheap                   0x08000349   Thumb Code    74  sys_stackheap_outer.o(.text)
    exit                                     0x08000393   Thumb Code    18  exit.o(.text)
    __user_libspace                          0x080003a5   Thumb Code     8  libspace.o(.text)
    __user_perproc_libspace                  0x080003a5   Thumb Code     0  libspace.o(.text)
    __user_perthread_libspace                0x080003a5   Thumb Code     0  libspace.o(.text)
    _sys_exit                                0x080003ad   Thumb Code     8  sys_exit.o(.text)
    __I$use$semihosting                      0x080003b9   Thumb Code     0  use_no_semi.o(.text)
    __use_no_semihosting_swi                 0x080003b9   Thumb Code     2  use_no_semi.o(.text)
    __semihosting_library_function           0x080003bb   Thumb Code     0  indicate_semi.o(.text)
    EXTI15_10_IRQHandler                     0x080003c1   Thumb Code   256  lcd_matriz8x8.o(.text.EXTI15_10_IRQHandler)
    SystemInit                               0x080004c1   Thumb Code    18  system_stm32f7xx.o(.text.SystemInit)
    SettingsLCD(unsigned char)               0x080004d9   Thumb Code    50  lcd.o(.text._Z11SettingsLCDh)
    PrintDataLCD(char const*, int)           0x08000511   Thumb Code    68  lcd.o(.text._Z12PrintDataLCDPKci)
    WriteLCDdata(unsigned char)              0x08000559   Thumb Code    50  lcd.o(.text._Z12WriteLCDdatah)
    prepararMensaje(char const*)             0x08000591   Thumb Code   226  matrix8x8.o(.text._Z15prepararMensajePKc)
    DisplayShiftLeft()                       0x08000679   Thumb Code    46  lcd.o(.text._Z16DisplayShiftLeftv)
    actualizarScroll(int)                    0x080006a9   Thumb Code   110  matrix8x8.o(.text._Z16actualizarScrolli)
    DisplayShiftRight()                      0x08000719   Thumb Code    46  lcd.o(.text._Z17DisplayShiftRightv)
    refrescarPantalla()                      0x08000749   Thumb Code  1706  matrix8x8.o(.text._Z17refrescarPantallav)
    Init()                                   0x08000df9   Thumb Code   544  init.o(.text._Z4Initv)
    Delay(unsigned int)                      0x08001019   Thumb Code    34  init.o(.text._Z5Delayj)
    LCDdata(unsigned char)                   0x08001041   Thumb Code   206  lcd.o(.text._Z7LCDdatah)
    LCD_Init()                               0x08001111   Thumb Code   104  lcd.o(.text._Z8LCD_Initv)
    SetOutPin(GPIO_TypeDef*, unsigned short, bool) 0x08001179   Thumb Code    58  lcd.o(.text._Z9SetOutPinP12GPIO_TypeDeftb)
    main                                     0x080011e9   Thumb Code   124  lcd_matriz8x8.o(.text.main)
    _fp_init                                 0x08001265   Thumb Code    26  fpinit.o(x$fpl$fpinit)
    __fplib_config_fpu_vfp                   0x0800127d   Thumb Code     0  fpinit.o(x$fpl$fpinit)
    __fplib_config_pureend_doubles           0x0800127d   Thumb Code     0  fpinit.o(x$fpl$fpinit)
    Region$$Table$$Base                      0x08001608   Number         0  anon$$obj.o(Region$$Table)
    Region$$Table$$Limit                     0x08001628   Number         0  anon$$obj.o(Region$$Table)
    b                                        0x20000000   Data           4  lcd_matriz8x8.o(.data.b)
    __libspace_start                         0x20000008   Data          96  libspace.o(.bss)
    __temporary_stack_top$libspace           0x20000068   Data           0  libspace.o(.bss)
    bufferMensaje                            0x20000068   Data         200  lcd_matriz8x8.o(.bss.bufferMensaje)
    bufferPantalla                           0x20000130   Data          24  lcd_matriz8x8.o(.bss.bufferPantalla)
    longitudMensaje                          0x20000148   Data           4  lcd_matriz8x8.o(.bss.longitudMensaje)



==============================================================================

Memory Map of the image

  Image Entry point : 0x080002c5

  Load Region LR_1 (Base: 0x08000000, Size: 0x0000162c, Max: 0xffffffff, ABSOLUTE)

    Execution Region ER_RO (Exec base: 0x08000000, Load base: 0x08000000, Size: 0x00001628, Max: 0xffffffff, ABSOLUTE)

    Exec Addr    Load Addr    Size         Type   Attr      Idx    E Section Name        Object

    0x08000000   0x08000000   0x000001f8   Data   RO           71    RESET               startup_stm32f767xx.o
    0x080001f8   0x080001f8   0x00000008   Code   RO           97  * !!!main             c_w.l(__main.o)
    0x08000200   0x08000200   0x0000005c   Code   RO          262    !!!scatter          c_w.l(__scatter.o)
    0x0800025c   0x0800025c   0x0000001a   Code   RO          266    !!handler_copy      c_w.l(__scatter_copy.o)
    0x08000276   0x08000276   0x00000002   PAD
    0x08000278   0x08000278   0x00000002   Code   RO          263    !!handler_null      c_w.l(__scatter.o)
    0x0800027a   0x0800027a   0x00000002   PAD
    0x0800027c   0x0800027c   0x0000001c   Code   RO          268    !!handler_zi        c_w.l(__scatter_zi.o)
    0x08000298   0x08000298   0x00000002   Code   RO          124    .ARM.Collect$$libinit$$00000000  c_w.l(libinit.o)
    0x0800029a   0x0800029a   0x00000004   Code   RO          130    .ARM.Collect$$libinit$$00000001  c_w.l(libinit2.o)
    0x0800029e   0x0800029e   0x00000000   Code   RO          133    .ARM.Collect$$libinit$$00000004  c_w.l(libinit2.o)
    0x0800029e   0x0800029e   0x00000000   Code   RO          135    .ARM.Collect$$libinit$$00000006  c_w.l(libinit2.o)
    0x0800029e   0x0800029e   0x00000000   Code   RO          138    .ARM.Collect$$libinit$$0000000C  c_w.l(libinit2.o)
    0x0800029e   0x0800029e   0x00000000   Code   RO          140    .ARM.Collect$$libinit$$0000000E  c_w.l(libinit2.o)
    0x0800029e   0x0800029e   0x00000000   Code   RO          142    .ARM.Collect$$libinit$$00000010  c_w.l(libinit2.o)
    0x0800029e   0x0800029e   0x00000000   Code   RO          145    .ARM.Collect$$libinit$$00000013  c_w.l(libinit2.o)
    0x0800029e   0x0800029e   0x00000000   Code   RO          147    .ARM.Collect$$libinit$$00000015  c_w.l(libinit2.o)
    0x0800029e   0x0800029e   0x00000000   Code   RO          149    .ARM.Collect$$libinit$$00000017  c_w.l(libinit2.o)
    0x0800029e   0x0800029e   0x00000000   Code   RO          151    .ARM.Collect$$libinit$$00000019  c_w.l(libinit2.o)
    0x0800029e   0x0800029e   0x00000000   Code   RO          153    .ARM.Collect$$libinit$$0000001B  c_w.l(libinit2.o)
    0x0800029e   0x0800029e   0x00000000   Code   RO          155    .ARM.Collect$$libinit$$0000001D  c_w.l(libinit2.o)
    0x0800029e   0x0800029e   0x00000000   Code   RO          157    .ARM.Collect$$libinit$$0000001F  c_w.l(libinit2.o)
    0x0800029e   0x0800029e   0x00000000   Code   RO          159    .ARM.Collect$$libinit$$00000021  c_w.l(libinit2.o)
    0x0800029e   0x0800029e   0x00000000   Code   RO          161    .ARM.Collect$$libinit$$00000023  c_w.l(libinit2.o)
    0x0800029e   0x0800029e   0x00000000   Code   RO          163    .ARM.Collect$$libinit$$00000025  c_w.l(libinit2.o)
    0x0800029e   0x0800029e   0x00000000   Code   RO          165    .ARM.Collect$$libinit$$00000027  c_w.l(libinit2.o)
    0x0800029e   0x0800029e   0x00000000   Code   RO          169    .ARM.Collect$$libinit$$0000002E  c_w.l(libinit2.o)
    0x0800029e   0x0800029e   0x00000000   Code   RO          171    .ARM.Collect$$libinit$$00000030  c_w.l(libinit2.o)
    0x0800029e   0x0800029e   0x00000000   Code   RO          173    .ARM.Collect$$libinit$$00000032  c_w.l(libinit2.o)
    0x0800029e   0x0800029e   0x00000000   Code   RO          175    .ARM.Collect$$libinit$$00000034  c_w.l(libinit2.o)
    0x0800029e   0x0800029e   0x00000002   Code   RO          176    .ARM.Collect$$libinit$$00000035  c_w.l(libinit2.o)
    0x080002a0   0x080002a0   0x00000002   Code   RO          198    .ARM.Collect$$libshutdown$$00000000  c_w.l(libshutdown.o)
    0x080002a2   0x080002a2   0x00000000   Code   RO          213    .ARM.Collect$$libshutdown$$00000002  c_w.l(libshutdown2.o)
    0x080002a2   0x080002a2   0x00000000   Code   RO          215    .ARM.Collect$$libshutdown$$00000004  c_w.l(libshutdown2.o)
    0x080002a2   0x080002a2   0x00000000   Code   RO          218    .ARM.Collect$$libshutdown$$00000007  c_w.l(libshutdown2.o)
    0x080002a2   0x080002a2   0x00000000   Code   RO          221    .ARM.Collect$$libshutdown$$0000000A  c_w.l(libshutdown2.o)
    0x080002a2   0x080002a2   0x00000000   Code   RO          223    .ARM.Collect$$libshutdown$$0000000C  c_w.l(libshutdown2.o)
    0x080002a2   0x080002a2   0x00000000   Code   RO          226    .ARM.Collect$$libshutdown$$0000000F  c_w.l(libshutdown2.o)
    0x080002a2   0x080002a2   0x00000002   Code   RO          227    .ARM.Collect$$libshutdown$$00000010  c_w.l(libshutdown2.o)
    0x080002a4   0x080002a4   0x00000000   Code   RO           99    .ARM.Collect$$rtentry$$00000000  c_w.l(__rtentry.o)
    0x080002a4   0x080002a4   0x00000000   Code   RO          101    .ARM.Collect$$rtentry$$00000002  c_w.l(__rtentry2.o)
    0x080002a4   0x080002a4   0x00000006   Code   RO          113    .ARM.Collect$$rtentry$$00000004  c_w.l(__rtentry4.o)
    0x080002aa   0x080002aa   0x00000000   Code   RO          103    .ARM.Collect$$rtentry$$00000009  c_w.l(__rtentry2.o)
    0x080002aa   0x080002aa   0x00000004   Code   RO          104    .ARM.Collect$$rtentry$$0000000A  c_w.l(__rtentry2.o)
    0x080002ae   0x080002ae   0x00000000   Code   RO          106    .ARM.Collect$$rtentry$$0000000C  c_w.l(__rtentry2.o)
    0x080002ae   0x080002ae   0x00000008   Code   RO          107    .ARM.Collect$$rtentry$$0000000D  c_w.l(__rtentry2.o)
    0x080002b6   0x080002b6   0x00000002   Code   RO          128    .ARM.Collect$$rtexit$$00000000  c_w.l(rtexit.o)
    0x080002b8   0x080002b8   0x00000000   Code   RO          178    .ARM.Collect$$rtexit$$00000002  c_w.l(rtexit2.o)
    0x080002b8   0x080002b8   0x00000004   Code   RO          179    .ARM.Collect$$rtexit$$00000003  c_w.l(rtexit2.o)
    0x080002bc   0x080002bc   0x00000006   Code   RO          180    .ARM.Collect$$rtexit$$00000004  c_w.l(rtexit2.o)
    0x080002c2   0x080002c2   0x00000002   PAD
    0x080002c4   0x080002c4   0x00000040   Code   RO           72  * .text               startup_stm32f767xx.o
    0x08000304   0x08000304   0x0000003e   Code   RO           93    .text               c_w.l(strlen.o)
    0x08000342   0x08000342   0x00000006   Code   RO           95    .text               c_w.l(heapauxi.o)
    0x08000348   0x08000348   0x0000004a   Code   RO          115    .text               c_w.l(sys_stackheap_outer.o)
    0x08000392   0x08000392   0x00000012   Code   RO          117    .text               c_w.l(exit.o)
    0x080003a4   0x080003a4   0x00000008   Code   RO          125    .text               c_w.l(libspace.o)
    0x080003ac   0x080003ac   0x0000000c   Code   RO          188    .text               c_w.l(sys_exit.o)
    0x080003b8   0x080003b8   0x00000002   Code   RO          203    .text               c_w.l(use_no_semi.o)
    0x080003ba   0x080003ba   0x00000000   Code   RO          205    .text               c_w.l(indicate_semi.o)
    0x080003ba   0x080003ba   0x00000006   PAD
    0x080003c0   0x080003c0   0x00000100   Code   RO           15    .text.EXTI15_10_IRQHandler  lcd_matriz8x8.o
    0x080004c0   0x080004c0   0x00000012   Code   RO           78    .text.SystemInit    system_stm32f7xx.o
    0x080004d2   0x080004d2   0x00000006   PAD
    0x080004d8   0x080004d8   0x00000032   Code   RO           48    .text._Z11SettingsLCDh  lcd.o
    0x0800050a   0x0800050a   0x00000006   PAD
    0x08000510   0x08000510   0x00000044   Code   RO           52    .text._Z12PrintDataLCDPKci  lcd.o
    0x08000554   0x08000554   0x00000004   PAD
    0x08000558   0x08000558   0x00000032   Code   RO           50    .text._Z12WriteLCDdatah  lcd.o
    0x0800058a   0x0800058a   0x00000006   PAD
    0x08000590   0x08000590   0x000000e2   Code   RO           32    .text._Z15prepararMensajePKc  matrix8x8.o
    0x08000672   0x08000672   0x00000006   PAD
    0x08000678   0x08000678   0x0000002e   Code   RO           56    .text._Z16DisplayShiftLeftv  lcd.o
    0x080006a6   0x080006a6   0x00000002   PAD
    0x080006a8   0x080006a8   0x0000006e   Code   RO           34    .text._Z16actualizarScrolli  matrix8x8.o
    0x08000716   0x08000716   0x00000002   PAD
    0x08000718   0x08000718   0x0000002e   Code   RO           54    .text._Z17DisplayShiftRightv  lcd.o
    0x08000746   0x08000746   0x00000002   PAD
    0x08000748   0x08000748   0x000006aa   Code   RO           36    .text._Z17refrescarPantallav  matrix8x8.o
    0x08000df2   0x08000df2   0x00000006   PAD
    0x08000df8   0x08000df8   0x00000220   Code   RO            4    .text._Z4Initv      init.o
    0x08001018   0x08001018   0x00000022   Code   RO            2    .text._Z5Delayj     init.o
    0x0800103a   0x0800103a   0x00000006   PAD
    0x08001040   0x08001040   0x000000ce   Code   RO           46    .text._Z7LCDdatah   lcd.o
    0x0800110e   0x0800110e   0x00000002   PAD
    0x08001110   0x08001110   0x00000068   Code   RO           58    .text._Z8LCD_Initv  lcd.o
    0x08001178   0x08001178   0x0000003a   Code   RO           67    .text._Z9SetOutPinP12GPIO_TypeDeftb  lcd.o
    0x080011b2   0x080011b2   0x00000006   PAD
    0x080011b8   0x080011b8   0x00000030   Code   RO            6    .text._ZL16__NVIC_EnableIRQ9IRQn_Type  init.o
    0x080011e8   0x080011e8   0x0000007c   Code   RO           17    .text.main          lcd_matriz8x8.o
    0x08001264   0x08001264   0x0000001a   Code   RO          186    x$fpl$fpinit        fz_wv.l(fpinit.o)
    0x0800127e   0x0800127e   0x0000035d   Data   RO           38    .rodata._ZL9Fuente4x8  matrix8x8.o
    0x080015db   0x080015db   0x0000002a   Data   RO           23    .rodata.str1.1      lcd_matriz8x8.o
    0x08001605   0x08001605   0x00000003   PAD
    0x08001608   0x08001608   0x00000020   Data   RO          261    Region$$Table       anon$$obj.o


    Execution Region ER_RW (Exec base: 0x20000000, Load base: 0x08001628, Size: 0x00000004, Max: 0xffffffff, ABSOLUTE)

    Exec Addr    Load Addr    Size         Type   Attr      Idx    E Section Name        Object

    0x20000000   0x08001628   0x00000004   Data   RW           22    .data.b             lcd_matriz8x8.o


    Execution Region ER_ZI (Exec base: 0x20000008, Load base: 0x0800162c, Size: 0x00000748, Max: 0xffffffff, ABSOLUTE)

    Exec Addr    Load Addr    Size         Type   Attr      Idx    E Section Name        Object

    0x20000008        -       0x00000060   Zero   RW          126    .bss                c_w.l(libspace.o)
    0x20000068        -       0x000000c8   Zero   RW           19    .bss.bufferMensaje  lcd_matriz8x8.o
    0x20000130        -       0x00000018   Zero   RW           20    .bss.bufferPantalla  lcd_matriz8x8.o
    0x20000148        -       0x00000004   Zero   RW           21    .bss.longitudMensaje  lcd_matriz8x8.o
    0x2000014c   0x0800162c   0x00000004   PAD
    0x20000150        -       0x00000200   Zero   RW           70    HEAP                startup_stm32f767xx.o
    0x20000350        -       0x00000400   Zero   RW           69    STACK               startup_stm32f767xx.o


==============================================================================

Image component sizes


      Code (inc. data)   RO Data    RW Data    ZI Data      Debug   Object Name

       626          0          0          0          0       9466   init.o
       628          0          0          0          0       8499   lcd.o
       380          0         42          4        228       5874   lcd_matriz8x8.o
      2042          0        861          0          0       6728   matrix8x8.o
        64         26        504          0       1536        936   startup_stm32f767xx.o
        18          0          0          0          0       3381   system_stm32f7xx.o

    ----------------------------------------------------------------------
      3812         26       1442          4       1768      34884   Object Totals
         0          0         32          0          0          0   (incl. Generated)
        54          0          3          0          4          0   (incl. Padding)

    ----------------------------------------------------------------------

      Code (inc. data)   RO Data    RW Data    ZI Data      Debug   Library Member Name

         8          0          0          0          0         68   __main.o
         0          0          0          0          0          0   __rtentry.o
        12          0          0          0          0          0   __rtentry2.o
         6          0          0          0          0          0   __rtentry4.o
        94          8          0          0          0          0   __scatter.o
        26          0          0          0          0          0   __scatter_copy.o
        28          0          0          0          0          0   __scatter_zi.o
        18          0          0          0          0         80   exit.o
         6          0          0          0          0        152   heapauxi.o
         0          0          0          0          0          0   indicate_semi.o
         2          0          0          0          0          0   libinit.o
         6          0          0          0          0          0   libinit2.o
         2          0          0          0          0          0   libshutdown.o
         2          0          0          0          0          0   libshutdown2.o
         8          4          0          0         96         68   libspace.o
         2          0          0          0          0          0   rtexit.o
        10          0          0          0          0          0   rtexit2.o
        62          0          0          0          0         76   strlen.o
        12          4          0          0          0         68   sys_exit.o
        74          0          0          0          0         80   sys_stackheap_outer.o
         2          0          0          0          0         68   use_no_semi.o
        26          0          0          0          0        116   fpinit.o

    ----------------------------------------------------------------------
       418         16          0          0         96        776   Library Totals
        12          0          0          0          0          0   (incl. Padding)

    ----------------------------------------------------------------------

      Code (inc. data)   RO Data    RW Data    ZI Data      Debug   Library Name

       380         16          0          0         96        660   c_w.l
        26          0          0          0          0        116   fz_wv.l

    ----------------------------------------------------------------------
       418         16          0          0         96        776   Library Totals

    ----------------------------------------------------------------------

==============================================================================


      Code (inc. data)   RO Data    RW Data    ZI Data      Debug   

      4230         42       1442          4       1864      35440   Grand Totals
      4230         42       1442          4       1864      35440   ELF Image Totals
      4230         42       1442          4          0          0   ROM Totals

==============================================================================

    Total RO  Size (Code + RO Data)                 5672 (   5.54kB)
    Total RW  Size (RW Data + ZI Data)              1868 (   1.82kB)
    Total ROM Size (Code + RO Data + RW Data)       5676 (   5.54kB)

==============================================================================

